Archive member included to satisfy reference by file (symbol)

/home/fu/.p2/pool/plugins/fr.ac6.mcu.externaltools.arm-none.linux64_1.7.0.201602291252/tools/compiler/bin/../lib/gcc/arm-none-eabi/5.2.1/../../../../arm-none-eabi/lib/armv7e-m/fpu/libc_nano.a(lib_a-exit.o)
                              /home/fu/.p2/pool/plugins/fr.ac6.mcu.externaltools.arm-none.linux64_1.7.0.201602291252/tools/compiler/bin/../lib/gcc/arm-none-eabi/5.2.1/../../../../arm-none-eabi/lib/armv7e-m/fpu/crt0.o (exit)
/home/fu/.p2/pool/plugins/fr.ac6.mcu.externaltools.arm-none.linux64_1.7.0.201602291252/tools/compiler/bin/../lib/gcc/arm-none-eabi/5.2.1/../../../../arm-none-eabi/lib/armv7e-m/fpu/libc_nano.a(lib_a-impure.o)
                              /home/fu/.p2/pool/plugins/fr.ac6.mcu.externaltools.arm-none.linux64_1.7.0.201602291252/tools/compiler/bin/../lib/gcc/arm-none-eabi/5.2.1/../../../../arm-none-eabi/lib/armv7e-m/fpu/libc_nano.a(lib_a-exit.o) (_global_impure_ptr)
/home/fu/.p2/pool/plugins/fr.ac6.mcu.externaltools.arm-none.linux64_1.7.0.201602291252/tools/compiler/bin/../lib/gcc/arm-none-eabi/5.2.1/../../../../arm-none-eabi/lib/armv7e-m/fpu/libc_nano.a(lib_a-init.o)
                              /home/fu/.p2/pool/plugins/fr.ac6.mcu.externaltools.arm-none.linux64_1.7.0.201602291252/tools/compiler/bin/../lib/gcc/arm-none-eabi/5.2.1/../../../../arm-none-eabi/lib/armv7e-m/fpu/crt0.o (__libc_init_array)
/home/fu/.p2/pool/plugins/fr.ac6.mcu.externaltools.arm-none.linux64_1.7.0.201602291252/tools/compiler/bin/../lib/gcc/arm-none-eabi/5.2.1/../../../../arm-none-eabi/lib/armv7e-m/fpu/libc_nano.a(lib_a-malloc.o)
                              Middlewares/ST/STM32_USB_Device_Library/Class/CDC/Src/usbd_cdc.o (malloc)
/home/fu/.p2/pool/plugins/fr.ac6.mcu.externaltools.arm-none.linux64_1.7.0.201602291252/tools/compiler/bin/../lib/gcc/arm-none-eabi/5.2.1/../../../../arm-none-eabi/lib/armv7e-m/fpu/libc_nano.a(lib_a-memcpy-stub.o)
                              Middlewares/Third_Party/FreeRTOS/Source/queue.o (memcpy)
/home/fu/.p2/pool/plugins/fr.ac6.mcu.externaltools.arm-none.linux64_1.7.0.201602291252/tools/compiler/bin/../lib/gcc/arm-none-eabi/5.2.1/../../../../arm-none-eabi/lib/armv7e-m/fpu/libc_nano.a(lib_a-memset.o)
                              /home/fu/.p2/pool/plugins/fr.ac6.mcu.externaltools.arm-none.linux64_1.7.0.201602291252/tools/compiler/bin/../lib/gcc/arm-none-eabi/5.2.1/../../../../arm-none-eabi/lib/armv7e-m/fpu/crt0.o (memset)
/home/fu/.p2/pool/plugins/fr.ac6.mcu.externaltools.arm-none.linux64_1.7.0.201602291252/tools/compiler/bin/../lib/gcc/arm-none-eabi/5.2.1/../../../../arm-none-eabi/lib/armv7e-m/fpu/libc_nano.a(lib_a-nano-freer.o)
                              /home/fu/.p2/pool/plugins/fr.ac6.mcu.externaltools.arm-none.linux64_1.7.0.201602291252/tools/compiler/bin/../lib/gcc/arm-none-eabi/5.2.1/../../../../arm-none-eabi/lib/armv7e-m/fpu/libc_nano.a(lib_a-malloc.o) (_free_r)
/home/fu/.p2/pool/plugins/fr.ac6.mcu.externaltools.arm-none.linux64_1.7.0.201602291252/tools/compiler/bin/../lib/gcc/arm-none-eabi/5.2.1/../../../../arm-none-eabi/lib/armv7e-m/fpu/libc_nano.a(lib_a-nano-mallocr.o)
                              /home/fu/.p2/pool/plugins/fr.ac6.mcu.externaltools.arm-none.linux64_1.7.0.201602291252/tools/compiler/bin/../lib/gcc/arm-none-eabi/5.2.1/../../../../arm-none-eabi/lib/armv7e-m/fpu/libc_nano.a(lib_a-malloc.o) (_malloc_r)
/home/fu/.p2/pool/plugins/fr.ac6.mcu.externaltools.arm-none.linux64_1.7.0.201602291252/tools/compiler/bin/../lib/gcc/arm-none-eabi/5.2.1/../../../../arm-none-eabi/lib/armv7e-m/fpu/libc_nano.a(lib_a-rand.o)
                              Src/freertos.o (srand)
/home/fu/.p2/pool/plugins/fr.ac6.mcu.externaltools.arm-none.linux64_1.7.0.201602291252/tools/compiler/bin/../lib/gcc/arm-none-eabi/5.2.1/../../../../arm-none-eabi/lib/armv7e-m/fpu/libc_nano.a(lib_a-sbrkr.o)
                              /home/fu/.p2/pool/plugins/fr.ac6.mcu.externaltools.arm-none.linux64_1.7.0.201602291252/tools/compiler/bin/../lib/gcc/arm-none-eabi/5.2.1/../../../../arm-none-eabi/lib/armv7e-m/fpu/libc_nano.a(lib_a-nano-mallocr.o) (_sbrk_r)
/home/fu/.p2/pool/plugins/fr.ac6.mcu.externaltools.arm-none.linux64_1.7.0.201602291252/tools/compiler/bin/../lib/gcc/arm-none-eabi/5.2.1/../../../../arm-none-eabi/lib/armv7e-m/fpu/libc_nano.a(lib_a-sprintf.o)
                              Src/freertos.o (sprintf)
/home/fu/.p2/pool/plugins/fr.ac6.mcu.externaltools.arm-none.linux64_1.7.0.201602291252/tools/compiler/bin/../lib/gcc/arm-none-eabi/5.2.1/../../../../arm-none-eabi/lib/armv7e-m/fpu/libc_nano.a(lib_a-strlen.o)
                              Src/freertos.o (strlen)
/home/fu/.p2/pool/plugins/fr.ac6.mcu.externaltools.arm-none.linux64_1.7.0.201602291252/tools/compiler/bin/../lib/gcc/arm-none-eabi/5.2.1/../../../../arm-none-eabi/lib/armv7e-m/fpu/libc_nano.a(lib_a-time.o)
                              Src/freertos.o (time)
[...]
Memory Configuration

Name             Origin             Length             Attributes
FLASH            0x08000000         0x00200000         xr
RAM              0x20000000         0x00030000         xrw
CCMRAM           0x10000000         0x00010000         rw
*default*        0x00000000         0xffffffff

Linker script and memory map

LOAD /home/fu/.p2/pool/plugins/fr.ac6.mcu.externaltools.arm-none.linux64_1.7.0.201602291252/tools/compiler/bin/../lib/gcc/arm-none-eabi/5.2.1/armv7e-m/fpu/crti.o
LOAD /home/fu/.p2/pool/plugins/fr.ac6.mcu.externaltools.arm-none.linux64_1.7.0.201602291252/tools/compiler/bin/../lib/gcc/arm-none-eabi/5.2.1/armv7e-m/fpu/crtbegin.o
LOAD /home/fu/.p2/pool/plugins/fr.ac6.mcu.externaltools.arm-none.linux64_1.7.0.201602291252/tools/compiler/bin/../lib/gcc/arm-none-eabi/5.2.1/../../../../arm-none-eabi/lib/armv7e-m/fpu/crt0.o
LOAD /home/fu/.p2/pool/plugins/fr.ac6.mcu.externaltools.arm-none.linux64_1.7.0.201602291252/tools/compiler/bin/../lib/gcc/arm-none-eabi/5.2.1/../../../../arm-none-eabi/lib/armv7e-m/fpu/libm.a
LOAD Drivers/BSP/Components/ili9341/ili9341.o
LOAD Drivers/BSP/Components/l3gd20/l3gd20.o
LOAD Drivers/BSP/Components/stmpe811/stmpe811.o
LOAD Drivers/BSP/STM32F429I-Discovery/stm32f429i_discovery.o
LOAD Drivers/BSP/STM32F429I-Discovery/stm32f429i_discovery_gyroscope.o
LOAD Drivers/BSP/STM32F429I-Discovery/stm32f429i_discovery_io.o
LOAD Drivers/BSP/STM32F429I-Discovery/stm32f429i_discovery_lcd.o
LOAD Drivers/BSP/STM32F429I-Discovery/stm32f429i_discovery_sdram.o
LOAD Drivers/BSP/STM32F429I-Discovery/stm32f429i_discovery_ts.o
LOAD Drivers/CMSIS/Device/ST/STM32F4xx/Source/Templates/gcc/startup_stm32f429xx.o
LOAD Drivers/CMSIS/Device/ST/STM32F4xx/Source/Templates/system_stm32f4xx.o
LOAD Drivers/STM32F4xx_HAL_Driver/Src/stm32f4xx_hal.o
LOAD Drivers/STM32F4xx_HAL_Driver/Src/stm32f4xx_hal_cortex.o
LOAD Drivers/STM32F4xx_HAL_Driver/Src/stm32f4xx_hal_dma.o
LOAD Drivers/STM32F4xx_HAL_Driver/Src/stm32f4xx_hal_dma2d.o
LOAD Drivers/STM32F4xx_HAL_Driver/Src/stm32f4xx_hal_dma_ex.o
LOAD Drivers/STM32F4xx_HAL_Driver/Src/stm32f4xx_hal_flash.o
LOAD Drivers/STM32F4xx_HAL_Driver/Src/stm32f4xx_hal_flash_ex.o
LOAD Drivers/STM32F4xx_HAL_Driver/Src/stm32f4xx_hal_flash_ramfunc.o
LOAD Drivers/STM32F4xx_HAL_Driver/Src/stm32f4xx_hal_gpio.o
LOAD Drivers/STM32F4xx_HAL_Driver/Src/stm32f4xx_hal_i2c.o
LOAD Drivers/STM32F4xx_HAL_Driver/Src/stm32f4xx_hal_i2c_ex.o
LOAD Drivers/STM32F4xx_HAL_Driver/Src/stm32f4xx_hal_ltdc.o
LOAD Drivers/STM32F4xx_HAL_Driver/Src/stm32f4xx_hal_ltdc_ex.o
LOAD Drivers/STM32F4xx_HAL_Driver/Src/stm32f4xx_hal_pcd.o
LOAD Drivers/STM32F4xx_HAL_Driver/Src/stm32f4xx_hal_pcd_ex.o
LOAD Drivers/STM32F4xx_HAL_Driver/Src/stm32f4xx_hal_pwr.o
LOAD Drivers/STM32F4xx_HAL_Driver/Src/stm32f4xx_hal_pwr_ex.o
LOAD Drivers/STM32F4xx_HAL_Driver/Src/stm32f4xx_hal_rcc.o
LOAD Drivers/STM32F4xx_HAL_Driver/Src/stm32f4xx_hal_rcc_ex.o
LOAD Drivers/STM32F4xx_HAL_Driver/Src/stm32f4xx_hal_sdram.o
LOAD Drivers/STM32F4xx_HAL_Driver/Src/stm32f4xx_hal_spi.o
LOAD Drivers/STM32F4xx_HAL_Driver/Src/stm32f4xx_hal_tim.o
LOAD Drivers/STM32F4xx_HAL_Driver/Src/stm32f4xx_hal_tim_ex.o
LOAD Drivers/STM32F4xx_HAL_Driver/Src/stm32f4xx_ll_fmc.o
LOAD Drivers/STM32F4xx_HAL_Driver/Src/stm32f4xx_ll_usb.o
LOAD Middlewares/ST/STM32_USB_Device_Library/Class/CDC/Src/usbd_cdc.o
LOAD Middlewares/ST/STM32_USB_Device_Library/Core/Src/usbd_core.o
LOAD Middlewares/ST/STM32_USB_Device_Library/Core/Src/usbd_ctlreq.o
LOAD Middlewares/ST/STM32_USB_Device_Library/Core/Src/usbd_ioreq.o
LOAD Middlewares/Third_Party/FreeRTOS/Source/CMSIS_RTOS/cmsis_os.o
LOAD Middlewares/Third_Party/FreeRTOS/Source/croutine.o
LOAD Middlewares/Third_Party/FreeRTOS/Source/event_groups.o
LOAD Middlewares/Third_Party/FreeRTOS/Source/list.o
LOAD Middlewares/Third_Party/FreeRTOS/Source/queue.o
LOAD Middlewares/Third_Party/FreeRTOS/Source/tasks.o
LOAD Middlewares/Third_Party/FreeRTOS/Source/timers.o
LOAD Middlewares/Third_Party/FreeRTOS/Source/portable/GCC/ARM_CM4F/port.o
LOAD Middlewares/Third_Party/FreeRTOS/Source/portable/MemMang/heap_4.o
LOAD Src/freertos.o
LOAD Src/gpio.o
LOAD Src/main.o
LOAD Src/stm32f4xx_hal_msp.o
LOAD Src/stm32f4xx_it.o
LOAD Src/usb_device.o
LOAD Src/usbd_cdc_if.o
LOAD Src/usbd_conf.o
LOAD Src/usbd_desc.o
START GROUP
LOAD /home/fu/.p2/pool/plugins/fr.ac6.mcu.externaltools.arm-none.linux64_1.7.0.201602291252/tools/compiler/bin/../lib/gcc/arm-none-eabi/5.2.1/armv7e-m/fpu/libgcc.a
LOAD /home/fu/.p2/pool/plugins/fr.ac6.mcu.externaltools.arm-none.linux64_1.7.0.201602291252/tools/compiler/bin/../lib/gcc/arm-none-eabi/5.2.1/../../../../arm-none-eabi/lib/armv7e-m/fpu/libc_nano.a
END GROUP
START GROUP
LOAD /home/fu/.p2/pool/plugins/fr.ac6.mcu.externaltools.arm-none.linux64_1.7.0.201602291252/tools/compiler/bin/../lib/gcc/arm-none-eabi/5.2.1/armv7e-m/fpu/libgcc.a
LOAD /home/fu/.p2/pool/plugins/fr.ac6.mcu.externaltools.arm-none.linux64_1.7.0.201602291252/tools/compiler/bin/../lib/gcc/arm-none-eabi/5.2.1/../../../../arm-none-eabi/lib/armv7e-m/fpu/libc_nano.a
LOAD /home/fu/.p2/pool/plugins/fr.ac6.mcu.externaltools.arm-none.linux64_1.7.0.201602291252/tools/compiler/bin/../lib/gcc/arm-none-eabi/5.2.1/../../../../arm-none-eabi/lib/armv7e-m/fpu/libnosys.a
END GROUP
START GROUP
LOAD /home/fu/.p2/pool/plugins/fr.ac6.mcu.externaltools.arm-none.linux64_1.7.0.201602291252/tools/compiler/bin/../lib/gcc/arm-none-eabi/5.2.1/armv7e-m/fpu/libgcc.a
LOAD /home/fu/.p2/pool/plugins/fr.ac6.mcu.externaltools.arm-none.linux64_1.7.0.201602291252/tools/compiler/bin/../lib/gcc/arm-none-eabi/5.2.1/../../../../arm-none-eabi/lib/armv7e-m/fpu/libc_nano.a
LOAD /home/fu/.p2/pool/plugins/fr.ac6.mcu.externaltools.arm-none.linux64_1.7.0.201602291252/tools/compiler/bin/../lib/gcc/arm-none-eabi/5.2.1/../../../../arm-none-eabi/lib/armv7e-m/fpu/libnosys.a
END GROUP
LOAD /home/fu/.p2/pool/plugins/fr.ac6.mcu.externaltools.arm-none.linux64_1.7.0.201602291252/tools/compiler/bin/../lib/gcc/arm-none-eabi/5.2.1/armv7e-m/fpu/crtend.o
LOAD /home/fu/.p2/pool/plugins/fr.ac6.mcu.externaltools.arm-none.linux64_1.7.0.201602291252/tools/compiler/bin/../lib/gcc/arm-none-eabi/5.2.1/armv7e-m/fpu/crtn.o
                0x20030000                _estack = 0x20030000
                0x00000200                _Min_Heap_Size = 0x200
                0x00000400                _Min_Stack_Size = 0x400

.isr_vector     0x08000000      0x1ac
                0x08000000                . = ALIGN (0x4)
 *(.isr_vector)
 .isr_vector    0x08000000      0x1ac Drivers/CMSIS/Device/ST/STM32F4xx/Source/Templates/gcc/startup_stm32f429xx.o
                0x08000000                g_pfnVectors
                0x080001ac                . = ALIGN (0x4)

.text           0x080001b0     0x7da0
                0x080001b0                . = ALIGN (0x4)
 *(.text)
 .text          0x080001b0       0xa4 /home/fu/.p2/pool/plugins/fr.ac6.mcu.externaltools.arm-none.linux64_1.7.0.201602291252/tools/compiler/bin/../lib/gcc/arm-none-eabi/5.2.1/armv7e-m/fpu/crtbegin.o
 .text          0x08000254       0x10 /home/fu/.p2/pool/plugins/fr.ac6.mcu.externaltools.arm-none.linux64_1.7.0.201602291252/tools/compiler/bin/../lib/gcc/arm-none-eabi/5.2.1/../../../../arm-none-eabi/lib/armv7e-m/fpu/libc_nano.a(lib_a-strlen.o)
                0x08000254                strlen
 *fill*         0x08000264        0xc 
 .text          0x08000270       0xa0 /home/fu/.p2/pool/plugins/fr.ac6.mcu.externaltools.arm-none.linux64_1.7.0.201602291252/tools/compiler/bin/../lib/gcc/arm-none-eabi/5.2.1/../../../../arm-none-eabi/lib/armv7e-m/fpu/libc_nano.a(lib_a-memchr.o)
                0x08000270                memchr
 *(.text*)
 .text.ili9341_GetLcdPixelWidth
                0x08000310        0x4 Drivers/BSP/Components/ili9341/ili9341.o
                0x08000310                ili9341_GetLcdPixelWidth
 .text.ili9341_GetLcdPixelHeight
                0x08000314        0x6 Drivers/BSP/Components/ili9341/ili9341.o
                0x08000314                ili9341_GetLcdPixelHeight
 .text.ili9341_DisplayOn
                0x0800031a        0x6 Drivers/BSP/Components/ili9341/ili9341.o
                0x0800031a                ili9341_DisplayOn
 .text.ili9341_DisplayOff
                0x08000320        0x6 Drivers/BSP/Components/ili9341/ili9341.o
                0x08000320                ili9341_DisplayOff
 .text.ili9341_Init
                0x08000326      0x292 Drivers/BSP/Components/ili9341/ili9341.o
                0x08000326                ili9341_Init
 .text.ili9341_ReadID
                0x080005b8       0x12 Drivers/BSP/Components/ili9341/ili9341.o
                0x080005b8                ili9341_ReadID
 .text.L3GD20_DeInit
                0x080005ca        0x2 Drivers/BSP/Components/l3gd20/l3gd20.o
                0x080005ca                L3GD20_DeInit
 .text.L3GD20_Init
                0x080005cc       0x32 Drivers/BSP/Components/l3gd20/l3gd20.o
                0x080005cc                L3GD20_Init
 .text.L3GD20_LowPower
                0x080005fe       0x18 Drivers/BSP/Components/l3gd20/l3gd20.o
                0x080005fe                L3GD20_LowPower
 .text.L3GD20_ReadID
                0x08000616       0x1c Drivers/BSP/Components/l3gd20/l3gd20.o
                0x08000616                L3GD20_ReadID
 .text.L3GD20_RebootCmd
                0x08000632       0x2c Drivers/BSP/Components/l3gd20/l3gd20.o
                0x08000632                L3GD20_RebootCmd
 .text.L3GD20_INT1InterruptConfig
                0x0800065e       0x5c Drivers/BSP/Components/l3gd20/l3gd20.o
                0x0800065e                L3GD20_INT1InterruptConfig
 .text.L3GD20_EnableIT
                0x080006ba       0x40 Drivers/BSP/Components/l3gd20/l3gd20.o
                0x080006ba                L3GD20_EnableIT
 .text.L3GD20_DisableIT
                0x080006fa       0x3c Drivers/BSP/Components/l3gd20/l3gd20.o
                0x080006fa                L3GD20_DisableIT
 .text.L3GD20_FilterConfig
                0x08000736       0x2e Drivers/BSP/Components/l3gd20/l3gd20.o
                0x08000736                L3GD20_FilterConfig
 .text.L3GD20_FilterCmd
                0x08000764       0x2e Drivers/BSP/Components/l3gd20/l3gd20.o
                0x08000764                L3GD20_FilterCmd
 *fill*         0x08000792        0x2 
 .text.L3GD20_ReadXYZAngRate
                0x08000794       0xd8 Drivers/BSP/Components/l3gd20/l3gd20.o
                0x08000794                L3GD20_ReadXYZAngRate
 .text.stmpe811_IO_WritePin
                0x0800086c       0x14 Drivers/BSP/Components/stmpe811/stmpe811.o
                0x0800086c                stmpe811_IO_WritePin
 .text.stmpe811_Reset
                0x08000880       0x28 Drivers/BSP/Components/stmpe811/stmpe811.o
                0x08000880                stmpe811_Reset
 .text.stmpe811_ReadID
                0x080008a8       0x24 Drivers/BSP/Components/stmpe811/stmpe811.o
                0x080008a8                stmpe811_ReadID
 .text.stmpe811_IO_ReadPin
                0x080008cc       0x12 Drivers/BSP/Components/stmpe811/stmpe811.o
                0x080008cc                stmpe811_IO_ReadPin
 .text.stmpe811_IO_ITStatus
                0x080008de       0x12 Drivers/BSP/Components/stmpe811/stmpe811.o
                0x080008de                stmpe811_IO_ITStatus
 .text.stmpe811_TS_DetectTouch
                0x080008f0       0x38 Drivers/BSP/Components/stmpe811/stmpe811.o
                0x080008f0                stmpe811_TS_DetectTouch
 .text.stmpe811_TS_GetXY
                0x08000928       0x3c Drivers/BSP/Components/stmpe811/stmpe811.o
                0x08000928                stmpe811_TS_GetXY
 .text.stmpe811_Init
                0x08000964       0x30 Drivers/BSP/Components/stmpe811/stmpe811.o
                0x08000964                stmpe811_Init
 .text.stmpe811_EnableGlobalIT
                0x08000994       0x1e Drivers/BSP/Components/stmpe811/stmpe811.o
                0x08000994                stmpe811_EnableGlobalIT
 .text.stmpe811_DisableGlobalIT
                0x080009b2       0x1c Drivers/BSP/Components/stmpe811/stmpe811.o
                0x080009b2                stmpe811_DisableGlobalIT
 .text.stmpe811_EnableITSource
                0x080009ce       0x20 Drivers/BSP/Components/stmpe811/stmpe811.o
                0x080009ce                stmpe811_EnableITSource
 .text.stmpe811_IO_EnableIT
                0x080009ee       0x1a Drivers/BSP/Components/stmpe811/stmpe811.o
                0x080009ee                stmpe811_IO_EnableIT
 .text.stmpe811_TS_EnableIT
                0x08000a08       0x1a Drivers/BSP/Components/stmpe811/stmpe811.o
                0x08000a08                stmpe811_TS_EnableIT
 .text.stmpe811_DisableITSource
                0x08000a22       0x20 Drivers/BSP/Components/stmpe811/stmpe811.o
                0x08000a22                stmpe811_DisableITSource
 .text.stmpe811_IO_DisableIT
                0x08000a42       0x14 Drivers/BSP/Components/stmpe811/stmpe811.o
                0x08000a42                stmpe811_IO_DisableIT
 .text.stmpe811_TS_DisableIT
                0x08000a56       0x14 Drivers/BSP/Components/stmpe811/stmpe811.o
                0x08000a56                stmpe811_TS_DisableIT
 .text.stmpe811_SetITPolarity
                0x08000a6a       0x20 Drivers/BSP/Components/stmpe811/stmpe811.o
                0x08000a6a                stmpe811_SetITPolarity
 .text.stmpe811_SetITType
                0x08000a8a       0x20 Drivers/BSP/Components/stmpe811/stmpe811.o
                0x08000a8a                stmpe811_SetITType
 .text.stmpe811_ReadGITStatus
                0x08000aaa       0x10 Drivers/BSP/Components/stmpe811/stmpe811.o
                0x08000aaa                stmpe811_ReadGITStatus
 .text.stmpe811_TS_ITStatus
                0x08000aba        0x6 Drivers/BSP/Components/stmpe811/stmpe811.o
                0x08000aba                stmpe811_TS_ITStatus
 .text.stmpe811_ClearGlobalIT
                0x08000ac0        0xa Drivers/BSP/Components/stmpe811/stmpe811.o
                0x08000ac0                stmpe811_ClearGlobalIT
 .text.stmpe811_IO_ClearIT
                0x08000aca       0x3c Drivers/BSP/Components/stmpe811/stmpe811.o
                0x08000aca                stmpe811_IO_ClearIT
 .text.stmpe811_TS_ClearIT
                0x08000b06        0x6 Drivers/BSP/Components/stmpe811/stmpe811.o
                0x08000b06                stmpe811_TS_ClearIT
 .text.stmpe811_IO_InitPin
                0x08000b0c       0x2a Drivers/BSP/Components/stmpe811/stmpe811.o
                0x08000b0c                stmpe811_IO_InitPin
 .text.stmpe811_IO_DisableAF
                0x08000b36       0x20 Drivers/BSP/Components/stmpe811/stmpe811.o
                0x08000b36                stmpe811_IO_DisableAF
 .text.stmpe811_IO_Start
                0x08000b56       0x28 Drivers/BSP/Components/stmpe811/stmpe811.o
                0x08000b56                stmpe811_IO_Start
 .text.stmpe811_IO_EnableAF
                0x08000b7e       0x20 Drivers/BSP/Components/stmpe811/stmpe811.o
                0x08000b7e                stmpe811_IO_EnableAF
 .text.stmpe811_TS_Start
                0x08000b9e       0xa4 Drivers/BSP/Components/stmpe811/stmpe811.o
                0x08000b9e                stmpe811_TS_Start
 .text.stmpe811_IO_SetEdgeMode
                0x08000c42       0x52 Drivers/BSP/Components/stmpe811/stmpe811.o
                0x08000c42                stmpe811_IO_SetEdgeMode
 .text.stmpe811_IO_EnablePinIT
                0x08000c94       0x20 Drivers/BSP/Components/stmpe811/stmpe811.o
                0x08000c94                stmpe811_IO_EnablePinIT
 .text.stmpe811_IO_Config
                0x08000cb4       0xc0 Drivers/BSP/Components/stmpe811/stmpe811.o
                0x08000cb4                stmpe811_IO_Config
 .text.SPIx_Init
                0x08000d74       0x98 Drivers/BSP/STM32F429I-Discovery/stm32f429i_discovery.o
 .text.SPIx_WriteRead
                0x08000e0c       0x40 Drivers/BSP/STM32F429I-Discovery/stm32f429i_discovery.o
 .text.I2Cx_Init
                0x08000e4c       0xe8 Drivers/BSP/STM32F429I-Discovery/stm32f429i_discovery.o
 .text.I2Cx_Error
                0x08000f34       0x14 Drivers/BSP/STM32F429I-Discovery/stm32f429i_discovery.o
 .text.SPIx_Write
                0x08000f48       0x30 Drivers/BSP/STM32F429I-Discovery/stm32f429i_discovery.o
 .text.BSP_PB_Init
                0x08000f78       0x78 Drivers/BSP/STM32F429I-Discovery/stm32f429i_discovery.o
                0x08000f78                BSP_PB_Init
 .text.BSP_PB_GetState
                0x08000ff0       0x18 Drivers/BSP/STM32F429I-Discovery/stm32f429i_discovery.o
                0x08000ff0                BSP_PB_GetState
 .text.LCD_IO_Init
                0x08001008       0xbc Drivers/BSP/STM32F429I-Discovery/stm32f429i_discovery.o
                0x08001008                LCD_IO_Init
 .text.LCD_IO_WriteData
                0x080010c4       0x38 Drivers/BSP/STM32F429I-Discovery/stm32f429i_discovery.o
                0x080010c4                LCD_IO_WriteData
 .text.LCD_IO_WriteReg
                0x080010fc       0x38 Drivers/BSP/STM32F429I-Discovery/stm32f429i_discovery.o
                0x080010fc                LCD_IO_WriteReg
 .text.LCD_IO_ReadData
                0x08001134       0x6c Drivers/BSP/STM32F429I-Discovery/stm32f429i_discovery.o
                0x08001134                LCD_IO_ReadData
 .text.LCD_Delay
                0x080011a0        0x4 Drivers/BSP/STM32F429I-Discovery/stm32f429i_discovery.o
                0x080011a0                LCD_Delay
 .text.IOE_Init
                0x080011a4        0x4 Drivers/BSP/STM32F429I-Discovery/stm32f429i_discovery.o
                0x080011a4                IOE_Init
 .text.IOE_ITConfig
                0x080011a8       0x54 Drivers/BSP/STM32F429I-Discovery/stm32f429i_discovery.o
                0x080011a8                IOE_ITConfig
 .text.IOE_Write
                0x080011fc       0x34 Drivers/BSP/STM32F429I-Discovery/stm32f429i_discovery.o
                0x080011fc                IOE_Write
 .text.IOE_Read
                0x08001230       0x38 Drivers/BSP/STM32F429I-Discovery/stm32f429i_discovery.o
                0x08001230                IOE_Read
 .text.IOE_ReadMultiple
                0x08001268       0x2c Drivers/BSP/STM32F429I-Discovery/stm32f429i_discovery.o
                0x08001268                IOE_ReadMultiple
 .text.IOE_Delay
                0x08001294        0x4 Drivers/BSP/STM32F429I-Discovery/stm32f429i_discovery.o
                0x08001294                IOE_Delay
 .text.GYRO_IO_Init
                0x08001298       0x78 Drivers/BSP/STM32F429I-Discovery/stm32f429i_discovery.o
                0x08001298                GYRO_IO_Init
 .text.GYRO_IO_Write
                0x08001310       0x44 Drivers/BSP/STM32F429I-Discovery/stm32f429i_discovery.o
                0x08001310                GYRO_IO_Write
 .text.GYRO_IO_Read
                0x08001354       0x48 Drivers/BSP/STM32F429I-Discovery/stm32f429i_discovery.o
                0x08001354                GYRO_IO_Read
 .text.BSP_GYRO_Init
                0x0800139c       0x44 Drivers/BSP/STM32F429I-Discovery/stm32f429i_discovery_gyroscope.o
                0x0800139c                BSP_GYRO_Init
 .text.BSP_GYRO_Reset
                0x080013e0       0x10 Drivers/BSP/STM32F429I-Discovery/stm32f429i_discovery_gyroscope.o
                0x080013e0                BSP_GYRO_Reset
 .text.BSP_GYRO_GetXYZ
                0x080013f0       0x10 Drivers/BSP/STM32F429I-Discovery/stm32f429i_discovery_gyroscope.o
                0x080013f0                BSP_GYRO_GetXYZ
 .text.FillBuffer
                0x08001400       0x64 Drivers/BSP/STM32F429I-Discovery/stm32f429i_discovery_lcd.o
 .text.BSP_LCD_Init
                0x08001464      0x1ec Drivers/BSP/STM32F429I-Discovery/stm32f429i_discovery_lcd.o
                0x08001464                BSP_LCD_Init
 .text.BSP_LCD_GetXSize
                0x08001650       0x10 Drivers/BSP/STM32F429I-Discovery/stm32f429i_discovery_lcd.o
                0x08001650                BSP_LCD_GetXSize
 .text.BSP_LCD_GetYSize
                0x08001660       0x10 Drivers/BSP/STM32F429I-Discovery/stm32f429i_discovery_lcd.o
                0x08001660                BSP_LCD_GetYSize
 .text.BSP_LCD_LayerDefaultInit
                0x08001670       0x80 Drivers/BSP/STM32F429I-Discovery/stm32f429i_discovery_lcd.o
                0x08001670                BSP_LCD_LayerDefaultInit
 .text.BSP_LCD_SelectLayer
                0x080016f0        0xc Drivers/BSP/STM32F429I-Discovery/stm32f429i_discovery_lcd.o
                0x080016f0                BSP_LCD_SelectLayer
 .text.BSP_LCD_SetBackColor
                0x080016fc       0x14 Drivers/BSP/STM32F429I-Discovery/stm32f429i_discovery_lcd.o
                0x080016fc                BSP_LCD_SetBackColor
 .text.BSP_LCD_SetFont
                0x08001710       0x14 Drivers/BSP/STM32F429I-Discovery/stm32f429i_discovery_lcd.o
                0x08001710                BSP_LCD_SetFont
 .text.BSP_LCD_Clear
                0x08001724       0x3c Drivers/BSP/STM32F429I-Discovery/stm32f429i_discovery_lcd.o
                0x08001724                BSP_LCD_Clear
 .text.BSP_LCD_DrawHLine
                0x08001760       0x50 Drivers/BSP/STM32F429I-Discovery/stm32f429i_discovery_lcd.o
                0x08001760                BSP_LCD_DrawHLine
 .text.BSP_LCD_DrawVLine
                0x080017b0       0x58 Drivers/BSP/STM32F429I-Discovery/stm32f429i_discovery_lcd.o
                0x080017b0                BSP_LCD_DrawVLine
 .text.BSP_LCD_DrawRect
                0x08001808       0x34 Drivers/BSP/STM32F429I-Discovery/stm32f429i_discovery_lcd.o
                0x08001808                BSP_LCD_DrawRect
 .text.BSP_LCD_DrawPixel
                0x0800183c       0x30 Drivers/BSP/STM32F429I-Discovery/stm32f429i_discovery_lcd.o
                0x0800183c                BSP_LCD_DrawPixel
 .text.BSP_LCD_DisplayChar
                0x0800186c       0xe0 Drivers/BSP/STM32F429I-Discovery/stm32f429i_discovery_lcd.o
                0x0800186c                BSP_LCD_DisplayChar
 .text.BSP_LCD_DisplayStringAt
                0x0800194c       0xb4 Drivers/BSP/STM32F429I-Discovery/stm32f429i_discovery_lcd.o
                0x0800194c                BSP_LCD_DisplayStringAt
 .text.BSP_LCD_DrawCircle
                0x08001a00      0x124 Drivers/BSP/STM32F429I-Discovery/stm32f429i_discovery_lcd.o
                0x08001a00                BSP_LCD_DrawCircle
 .text.BSP_LCD_FillCircle
                0x08001b24       0xa8 Drivers/BSP/STM32F429I-Discovery/stm32f429i_discovery_lcd.o
                0x08001b24                BSP_LCD_FillCircle
 .text.BSP_SDRAM_Initialization_sequence
                0x08001bcc       0x9c Drivers/BSP/STM32F429I-Discovery/stm32f429i_discovery_sdram.o
                0x08001bcc                BSP_SDRAM_Initialization_sequence
 .text.BSP_SDRAM_Init
                0x08001c68      0x1e4 Drivers/BSP/STM32F429I-Discovery/stm32f429i_discovery_sdram.o
                0x08001c68                BSP_SDRAM_Init
 .text.BSP_TS_Init
                0x08001e4c       0x38 Drivers/BSP/STM32F429I-Discovery/stm32f429i_discovery_ts.o
                0x08001e4c                BSP_TS_Init
 .text.BSP_TS_GetState
                0x08001e84       0xa8 Drivers/BSP/STM32F429I-Discovery/stm32f429i_discovery_ts.o
                0x08001e84                BSP_TS_GetState
 .text.Reset_Handler
                0x08001f2c       0x50 Drivers/CMSIS/Device/ST/STM32F4xx/Source/Templates/gcc/startup_stm32f429xx.o
                0x08001f2c                Reset_Handler
 .text.Default_Handler
                0x08001f7c        0x2 Drivers/CMSIS/Device/ST/STM32F4xx/Source/Templates/gcc/startup_stm32f429xx.o
                0x08001f7c                RTC_Alarm_IRQHandler
                0x08001f7c                HASH_RNG_IRQHandler
                0x08001f7c                EXTI2_IRQHandler
                0x08001f7c                TIM8_CC_IRQHandler
                0x08001f7c                DebugMon_Handler
                0x08001f7c                UART8_IRQHandler
                0x08001f7c                SPI4_IRQHandler
                0x08001f7c                TIM1_CC_IRQHandler
                0x08001f7c                DMA2_Stream5_IRQHandler
                0x08001f7c                HardFault_Handler
                0x08001f7c                DMA1_Stream5_IRQHandler
                0x08001f7c                PVD_IRQHandler
                0x08001f7c                SDIO_IRQHandler
                0x08001f7c                TAMP_STAMP_IRQHandler
                0x08001f7c                NMI_Handler
                0x08001f7c                CAN2_RX1_IRQHandler
                0x08001f7c                EXTI3_IRQHandler
                0x08001f7c                TIM8_TRG_COM_TIM14_IRQHandler
                0x08001f7c                TIM1_UP_TIM10_IRQHandler
                0x08001f7c                TIM8_UP_TIM13_IRQHandler
                0x08001f7c                I2C3_ER_IRQHandler
                0x08001f7c                EXTI0_IRQHandler
                0x08001f7c                I2C2_EV_IRQHandler
                0x08001f7c                DMA1_Stream2_IRQHandler
                0x08001f7c                CAN1_RX0_IRQHandler
                0x08001f7c                FPU_IRQHandler
                0x08001f7c                OTG_HS_WKUP_IRQHandler
                0x08001f7c                UsageFault_Handler
                0x08001f7c                LTDC_ER_IRQHandler
                0x08001f7c                CAN2_SCE_IRQHandler
                0x08001f7c                DMA2_Stream2_IRQHandler
                0x08001f7c                SPI1_IRQHandler
                0x08001f7c                TIM6_DAC_IRQHandler
                0x08001f7c                TIM1_BRK_TIM9_IRQHandler
                0x08001f7c                DCMI_IRQHandler
                0x08001f7c                CAN2_RX0_IRQHandler
                0x08001f7c                DMA2_Stream3_IRQHandler
                0x08001f7c                USART6_IRQHandler
                0x08001f7c                USART3_IRQHandler
                0x08001f7c                CAN1_RX1_IRQHandler
                0x08001f7c                UART5_IRQHandler
                0x08001f7c                DMA2_Stream0_IRQHandler
                0x08001f7c                TIM4_IRQHandler
                0x08001f7c                I2C1_EV_IRQHandler
                0x08001f7c                DMA1_Stream6_IRQHandler
                0x08001f7c                DMA1_Stream1_IRQHandler
                0x08001f7c                UART4_IRQHandler
                0x08001f7c                TIM3_IRQHandler
                0x08001f7c                RCC_IRQHandler
                0x08001f7c                TIM8_BRK_TIM12_IRQHandler
                0x08001f7c                Default_Handler
                0x08001f7c                EXTI15_10_IRQHandler
                0x08001f7c                ADC_IRQHandler
                0x08001f7c                DMA1_Stream7_IRQHandler
                0x08001f7c                SPI5_IRQHandler
                0x08001f7c                TIM7_IRQHandler
                0x08001f7c                CAN2_TX_IRQHandler
                0x08001f7c                TIM5_IRQHandler
                0x08001f7c                DMA2_Stream7_IRQHandler
                0x08001f7c                I2C3_EV_IRQHandler
                0x08001f7c                EXTI9_5_IRQHandler
                0x08001f7c                RTC_WKUP_IRQHandler
                0x08001f7c                LTDC_IRQHandler
                0x08001f7c                ETH_WKUP_IRQHandler
                0x08001f7c                SPI2_IRQHandler
                0x08001f7c                OTG_HS_EP1_IN_IRQHandler
                0x08001f7c                MemManage_Handler
                0x08001f7c                DMA1_Stream0_IRQHandler
                0x08001f7c                CAN1_TX_IRQHandler
                0x08001f7c                EXTI4_IRQHandler
                0x08001f7c                ETH_IRQHandler
                0x08001f7c                OTG_HS_EP1_OUT_IRQHandler
                0x08001f7c                WWDG_IRQHandler
                0x08001f7c                SPI6_IRQHandler
                0x08001f7c                TIM2_IRQHandler
                0x08001f7c                OTG_FS_WKUP_IRQHandler
                0x08001f7c                TIM1_TRG_COM_TIM11_IRQHandler
                0x08001f7c                DMA2D_IRQHandler
                0x08001f7c                EXTI1_IRQHandler
                0x08001f7c                UART7_IRQHandler
                0x08001f7c                USART2_IRQHandler
                0x08001f7c                I2C2_ER_IRQHandler
                0x08001f7c                DMA2_Stream1_IRQHandler
                0x08001f7c                CAN1_SCE_IRQHandler
                0x08001f7c                FLASH_IRQHandler
                0x08001f7c                DMA2_Stream4_IRQHandler
                0x08001f7c                BusFault_Handler
                0x08001f7c                USART1_IRQHandler
                0x08001f7c                OTG_FS_IRQHandler
                0x08001f7c                SPI3_IRQHandler
                0x08001f7c                DMA1_Stream4_IRQHandler
                0x08001f7c                I2C1_ER_IRQHandler
                0x08001f7c                FMC_IRQHandler
                0x08001f7c                DMA2_Stream6_IRQHandler
                0x08001f7c                SAI1_IRQHandler
                0x08001f7c                DMA1_Stream3_IRQHandler
 *fill*         0x08001f7e        0x2 
 .text.SystemInit
                0x08001f80       0x4c Drivers/CMSIS/Device/ST/STM32F4xx/Source/Templates/system_stm32f4xx.o
                0x08001f80                SystemInit
 .text.HAL_InitTick
                0x08001fcc       0x28 Drivers/STM32F4xx_HAL_Driver/Src/stm32f4xx_hal.o
                0x08001fcc                HAL_InitTick
 .text.HAL_Init
                0x08001ff4       0x34 Drivers/STM32F4xx_HAL_Driver/Src/stm32f4xx_hal.o
                0x08001ff4                HAL_Init
 .text.HAL_IncTick
                0x08002028       0x10 Drivers/STM32F4xx_HAL_Driver/Src/stm32f4xx_hal.o
                0x08002028                HAL_IncTick
 .text.HAL_GetTick
                0x08002038        0xc Drivers/STM32F4xx_HAL_Driver/Src/stm32f4xx_hal.o
                0x08002038                HAL_GetTick
 .text.HAL_Delay
                0x08002044       0x1a Drivers/STM32F4xx_HAL_Driver/Src/stm32f4xx_hal.o
                0x08002044                HAL_Delay
 *fill*         0x0800205e        0x2 
 .text.HAL_NVIC_SetPriorityGrouping
                0x08002060       0x24 Drivers/STM32F4xx_HAL_Driver/Src/stm32f4xx_hal_cortex.o
                0x08002060                HAL_NVIC_SetPriorityGrouping
 .text.HAL_NVIC_SetPriority
                0x08002084       0x68 Drivers/STM32F4xx_HAL_Driver/Src/stm32f4xx_hal_cortex.o
                0x08002084                HAL_NVIC_SetPriority
 .text.HAL_NVIC_EnableIRQ
                0x080020ec       0x18 Drivers/STM32F4xx_HAL_Driver/Src/stm32f4xx_hal_cortex.o
                0x080020ec                HAL_NVIC_EnableIRQ
 .text.HAL_SYSTICK_Config
                0x08002104       0x2c Drivers/STM32F4xx_HAL_Driver/Src/stm32f4xx_hal_cortex.o
                0x08002104                HAL_SYSTICK_Config
 .text.HAL_SYSTICK_CLKSourceConfig
                0x08002130       0x18 Drivers/STM32F4xx_HAL_Driver/Src/stm32f4xx_hal_cortex.o
                0x08002130                HAL_SYSTICK_CLKSourceConfig
 .text.DMA_CalcBaseAndBitshift
                0x08002148       0x2c Drivers/STM32F4xx_HAL_Driver/Src/stm32f4xx_hal_dma.o
 .text.HAL_DMA_Init
                0x08002174       0xec Drivers/STM32F4xx_HAL_Driver/Src/stm32f4xx_hal_dma.o
                0x08002174                HAL_DMA_Init
 .text.HAL_DMA_DeInit
                0x08002260       0x4a Drivers/STM32F4xx_HAL_Driver/Src/stm32f4xx_hal_dma.o
                0x08002260                HAL_DMA_DeInit
 *fill*         0x080022aa        0x2 
 .text.DMA2D_SetConfig
                0x080022ac       0xa0 Drivers/STM32F4xx_HAL_Driver/Src/stm32f4xx_hal_dma2d.o
 .text.HAL_DMA2D_MspInit
                0x0800234c        0x2 Drivers/STM32F4xx_HAL_Driver/Src/stm32f4xx_hal_dma2d.o
                0x0800234c                HAL_DMA2D_MspInit
 .text.HAL_DMA2D_Init
                0x0800234e       0x58 Drivers/STM32F4xx_HAL_Driver/Src/stm32f4xx_hal_dma2d.o
                0x0800234e                HAL_DMA2D_Init
 .text.HAL_DMA2D_Start
                0x080023a6       0x34 Drivers/STM32F4xx_HAL_Driver/Src/stm32f4xx_hal_dma2d.o
                0x080023a6                HAL_DMA2D_Start
 .text.HAL_DMA2D_PollForTransfer
                0x080023da      0x10a Drivers/STM32F4xx_HAL_Driver/Src/stm32f4xx_hal_dma2d.o
                0x080023da                HAL_DMA2D_PollForTransfer
 .text.HAL_DMA2D_ConfigLayer
                0x080024e4       0xe4 Drivers/STM32F4xx_HAL_Driver/Src/stm32f4xx_hal_dma2d.o
                0x080024e4                HAL_DMA2D_ConfigLayer
 .text.HAL_GPIO_Init
                0x080025c8      0x1d8 Drivers/STM32F4xx_HAL_Driver/Src/stm32f4xx_hal_gpio.o
                0x080025c8                HAL_GPIO_Init
 .text.HAL_GPIO_ReadPin
                0x080027a0        0xc Drivers/STM32F4xx_HAL_Driver/Src/stm32f4xx_hal_gpio.o
                0x080027a0                HAL_GPIO_ReadPin
 .text.HAL_GPIO_WritePin
                0x080027ac        0x8 Drivers/STM32F4xx_HAL_Driver/Src/stm32f4xx_hal_gpio.o
                0x080027ac                HAL_GPIO_WritePin
 .text.I2C_IsAcknowledgeFailed
                0x080027b4       0x2a Drivers/STM32F4xx_HAL_Driver/Src/stm32f4xx_hal_i2c.o
 .text.I2C_WaitOnFlagUntilTimeout
                0x080027de       0x5a Drivers/STM32F4xx_HAL_Driver/Src/stm32f4xx_hal_i2c.o
 .text.I2C_WaitOnMasterAddressFlagUntilTimeout
                0x08002838       0x82 Drivers/STM32F4xx_HAL_Driver/Src/stm32f4xx_hal_i2c.o
 .text.I2C_WaitOnBTFFlagUntilTimeout
                0x080028ba       0x4c Drivers/STM32F4xx_HAL_Driver/Src/stm32f4xx_hal_i2c.o
 .text.I2C_WaitOnRXNEFlagUntilTimeout
                0x08002906       0x5a Drivers/STM32F4xx_HAL_Driver/Src/stm32f4xx_hal_i2c.o
 .text.I2C_WaitOnTXEFlagUntilTimeout
                0x08002960       0x4c Drivers/STM32F4xx_HAL_Driver/Src/stm32f4xx_hal_i2c.o
 .text.I2C_RequestMemoryWrite
                0x080029ac       0xa0 Drivers/STM32F4xx_HAL_Driver/Src/stm32f4xx_hal_i2c.o
 .text.I2C_RequestMemoryRead
                0x08002a4c       0xf0 Drivers/STM32F4xx_HAL_Driver/Src/stm32f4xx_hal_i2c.o
 .text.HAL_I2C_MspInit
                0x08002b3c        0x2 Drivers/STM32F4xx_HAL_Driver/Src/stm32f4xx_hal_i2c.o
                0x08002b3c                HAL_I2C_MspInit
 *fill*         0x08002b3e        0x2 
 .text.HAL_I2C_Init
                0x08002b40       0xdc Drivers/STM32F4xx_HAL_Driver/Src/stm32f4xx_hal_i2c.o
                0x08002b40                HAL_I2C_Init
 .text.HAL_I2C_MspDeInit
                0x08002c1c        0x2 Drivers/STM32F4xx_HAL_Driver/Src/stm32f4xx_hal_i2c.o
                0x08002c1c                HAL_I2C_MspDeInit
 .text.HAL_I2C_DeInit
                0x08002c1e       0x32 Drivers/STM32F4xx_HAL_Driver/Src/stm32f4xx_hal_i2c.o
                0x08002c1e                HAL_I2C_DeInit
 .text.HAL_I2C_Mem_Write
                0x08002c50      0x108 Drivers/STM32F4xx_HAL_Driver/Src/stm32f4xx_hal_i2c.o
                0x08002c50                HAL_I2C_Mem_Write
 .text.HAL_I2C_Mem_Read
                0x08002d58      0x1ec Drivers/STM32F4xx_HAL_Driver/Src/stm32f4xx_hal_i2c.o
                0x08002d58                HAL_I2C_Mem_Read
 .text.HAL_I2C_GetState
                0x08002f44        0x6 Drivers/STM32F4xx_HAL_Driver/Src/stm32f4xx_hal_i2c.o
                0x08002f44                HAL_I2C_GetState
 .text.LTDC_SetConfig
                0x08002f4a      0x112 Drivers/STM32F4xx_HAL_Driver/Src/stm32f4xx_hal_ltdc.o
 .text.HAL_LTDC_MspInit
                0x0800305c        0x2 Drivers/STM32F4xx_HAL_Driver/Src/stm32f4xx_hal_ltdc.o
                0x0800305c                HAL_LTDC_MspInit
 *fill*         0x0800305e        0x2 
 .text.HAL_LTDC_Init
                0x08003060       0xe8 Drivers/STM32F4xx_HAL_Driver/Src/stm32f4xx_hal_ltdc.o
                0x08003060                HAL_LTDC_Init
 .text.HAL_LTDC_ConfigLayer
                0x08003148       0x52 Drivers/STM32F4xx_HAL_Driver/Src/stm32f4xx_hal_ltdc.o
                0x08003148                HAL_LTDC_ConfigLayer
 *fill*         0x0800319a        0x2 
 .text.HAL_LTDC_EnableDither
                0x0800319c       0x30 Drivers/STM32F4xx_HAL_Driver/Src/stm32f4xx_hal_ltdc.o
                0x0800319c                HAL_LTDC_EnableDither
 .text.HAL_PCD_Init
                0x080031cc       0xd8 Drivers/STM32F4xx_HAL_Driver/Src/stm32f4xx_hal_pcd.o
                0x080031cc                HAL_PCD_Init
 .text.HAL_PCD_Start
                0x080032a4       0x2a Drivers/STM32F4xx_HAL_Driver/Src/stm32f4xx_hal_pcd.o
                0x080032a4                HAL_PCD_Start
 .text.HAL_PCD_IRQHandler
                0x080032ce      0x45a Drivers/STM32F4xx_HAL_Driver/Src/stm32f4xx_hal_pcd.o
                0x080032ce                HAL_PCD_IRQHandler
 .text.HAL_PCD_SetAddress
                0x08003728       0x24 Drivers/STM32F4xx_HAL_Driver/Src/stm32f4xx_hal_pcd.o
                0x08003728                HAL_PCD_SetAddress
 .text.HAL_PCD_EP_Open
                0x0800374c       0x5e Drivers/STM32F4xx_HAL_Driver/Src/stm32f4xx_hal_pcd.o
                0x0800374c                HAL_PCD_EP_Open
 .text.HAL_PCD_EP_Close
                0x080037aa       0x48 Drivers/STM32F4xx_HAL_Driver/Src/stm32f4xx_hal_pcd.o
                0x080037aa                HAL_PCD_EP_Close
 .text.HAL_PCD_EP_Receive
                0x080037f2       0x62 Drivers/STM32F4xx_HAL_Driver/Src/stm32f4xx_hal_pcd.o
                0x080037f2                HAL_PCD_EP_Receive
 .text.HAL_PCD_EP_GetRxCount
                0x08003854       0x10 Drivers/STM32F4xx_HAL_Driver/Src/stm32f4xx_hal_pcd.o
                0x08003854                HAL_PCD_EP_GetRxCount
 .text.HAL_PCD_EP_Transmit
                0x08003864       0x5a Drivers/STM32F4xx_HAL_Driver/Src/stm32f4xx_hal_pcd.o
                0x08003864                HAL_PCD_EP_Transmit
 .text.HAL_PCD_EP_SetStall
                0x080038be       0x5a Drivers/STM32F4xx_HAL_Driver/Src/stm32f4xx_hal_pcd.o
                0x080038be                HAL_PCD_EP_SetStall
 .text.HAL_PCD_EP_ClrStall
                0x08003918       0x4c Drivers/STM32F4xx_HAL_Driver/Src/stm32f4xx_hal_pcd.o
                0x08003918                HAL_PCD_EP_ClrStall
 .text.HAL_PCDEx_SetTxFiFo
                0x08003964       0x42 Drivers/STM32F4xx_HAL_Driver/Src/stm32f4xx_hal_pcd_ex.o
                0x08003964                HAL_PCDEx_SetTxFiFo
 .text.HAL_PCDEx_SetRxFiFo
                0x080039a6        0x8 Drivers/STM32F4xx_HAL_Driver/Src/stm32f4xx_hal_pcd_ex.o
                0x080039a6                HAL_PCDEx_SetRxFiFo
 *fill*         0x080039ae        0x2 
 .text.HAL_RCC_OscConfig
                0x080039b0      0x2d0 Drivers/STM32F4xx_HAL_Driver/Src/stm32f4xx_hal_rcc.o
                0x080039b0                HAL_RCC_OscConfig
 .text.HAL_RCC_GetSysClockFreq
                0x08003c80       0x7c Drivers/STM32F4xx_HAL_Driver/Src/stm32f4xx_hal_rcc.o
                0x08003c80                HAL_RCC_GetSysClockFreq
 .text.HAL_RCC_ClockConfig
                0x08003cfc      0x168 Drivers/STM32F4xx_HAL_Driver/Src/stm32f4xx_hal_rcc.o
                0x08003cfc                HAL_RCC_ClockConfig
 .text.HAL_RCC_GetHCLKFreq
                0x08003e64        0xc Drivers/STM32F4xx_HAL_Driver/Src/stm32f4xx_hal_rcc.o
                0x08003e64                HAL_RCC_GetHCLKFreq
 .text.HAL_RCC_GetPCLK1Freq
                0x08003e70       0x30 Drivers/STM32F4xx_HAL_Driver/Src/stm32f4xx_hal_rcc.o
                0x08003e70                HAL_RCC_GetPCLK1Freq
 .text.HAL_RCCEx_PeriphCLKConfig
                0x08003ea0      0x2c8 Drivers/STM32F4xx_HAL_Driver/Src/stm32f4xx_hal_rcc_ex.o
                0x08003ea0                HAL_RCCEx_PeriphCLKConfig
 .text.HAL_SDRAM_MspInit
                0x08004168        0x2 Drivers/STM32F4xx_HAL_Driver/Src/stm32f4xx_hal_sdram.o
                0x08004168                HAL_SDRAM_MspInit
 .text.HAL_SDRAM_Init
                0x0800416a       0x40 Drivers/STM32F4xx_HAL_Driver/Src/stm32f4xx_hal_sdram.o
                0x0800416a                HAL_SDRAM_Init
 .text.HAL_SDRAM_SendCommand
                0x080041aa       0x2e Drivers/STM32F4xx_HAL_Driver/Src/stm32f4xx_hal_sdram.o
                0x080041aa                HAL_SDRAM_SendCommand
 .text.HAL_SDRAM_ProgramRefreshRate
                0x080041d8       0x24 Drivers/STM32F4xx_HAL_Driver/Src/stm32f4xx_hal_sdram.o
                0x080041d8                HAL_SDRAM_ProgramRefreshRate
 .text.SPI_WaitFlagStateUntilTimeout
                0x080041fc       0x8e Drivers/STM32F4xx_HAL_Driver/Src/stm32f4xx_hal_spi.o
 .text.SPI_CheckFlag_BSY
                0x0800428a       0x20 Drivers/STM32F4xx_HAL_Driver/Src/stm32f4xx_hal_spi.o
 .text.HAL_SPI_MspInit
                0x080042aa        0x2 Drivers/STM32F4xx_HAL_Driver/Src/stm32f4xx_hal_spi.o
                0x080042aa                HAL_SPI_MspInit
 .text.HAL_SPI_Init
                0x080042ac       0x7a Drivers/STM32F4xx_HAL_Driver/Src/stm32f4xx_hal_spi.o
                0x080042ac                HAL_SPI_Init
 .text.HAL_SPI_MspDeInit
                0x08004326        0x2 Drivers/STM32F4xx_HAL_Driver/Src/stm32f4xx_hal_spi.o
                0x08004326                HAL_SPI_MspDeInit
 .text.HAL_SPI_DeInit
                0x08004328       0x2c Drivers/STM32F4xx_HAL_Driver/Src/stm32f4xx_hal_spi.o
                0x08004328                HAL_SPI_DeInit
 .text.HAL_SPI_Transmit
                0x08004354      0x15a Drivers/STM32F4xx_HAL_Driver/Src/stm32f4xx_hal_spi.o
                0x08004354                HAL_SPI_Transmit
 .text.HAL_SPI_TransmitReceive
                0x080044ae      0x214 Drivers/STM32F4xx_HAL_Driver/Src/stm32f4xx_hal_spi.o
                0x080044ae                HAL_SPI_TransmitReceive
 .text.HAL_SPI_Receive
                0x080046c2      0x140 Drivers/STM32F4xx_HAL_Driver/Src/stm32f4xx_hal_spi.o
                0x080046c2                HAL_SPI_Receive
 .text.HAL_SPI_GetState
                0x08004802        0x6 Drivers/STM32F4xx_HAL_Driver/Src/stm32f4xx_hal_spi.o
                0x08004802                HAL_SPI_GetState
 .text.FMC_SDRAM_Init
                0x08004808       0x82 Drivers/STM32F4xx_HAL_Driver/Src/stm32f4xx_ll_fmc.o
                0x08004808                FMC_SDRAM_Init
 .text.FMC_SDRAM_Timing_Init
                0x0800488a       0x98 Drivers/STM32F4xx_HAL_Driver/Src/stm32f4xx_ll_fmc.o
                0x0800488a                FMC_SDRAM_Timing_Init
 .text.FMC_SDRAM_SendCommand
                0x08004922       0x4c Drivers/STM32F4xx_HAL_Driver/Src/stm32f4xx_ll_fmc.o
                0x08004922                FMC_SDRAM_SendCommand
 .text.FMC_SDRAM_ProgramRefreshRate
                0x0800496e        0xc Drivers/STM32F4xx_HAL_Driver/Src/stm32f4xx_ll_fmc.o
                0x0800496e                FMC_SDRAM_ProgramRefreshRate
 .text.USB_CoreInit
                0x0800497a       0x6c Drivers/STM32F4xx_HAL_Driver/Src/stm32f4xx_ll_usb.o
                0x0800497a                USB_CoreInit
 .text.USB_EnableGlobalInt
                0x080049e6        0xc Drivers/STM32F4xx_HAL_Driver/Src/stm32f4xx_ll_usb.o
                0x080049e6                USB_EnableGlobalInt
 .text.USB_DisableGlobalInt
                0x080049f2        0xc Drivers/STM32F4xx_HAL_Driver/Src/stm32f4xx_ll_usb.o
                0x080049f2                USB_DisableGlobalInt
 .text.USB_SetCurrentMode
                0x080049fe       0x2c Drivers/STM32F4xx_HAL_Driver/Src/stm32f4xx_ll_usb.o
                0x080049fe                USB_SetCurrentMode
 *fill*         0x08004a2a        0x2 
 .text.USB_DevInit
                0x08004a2c      0x134 Drivers/STM32F4xx_HAL_Driver/Src/stm32f4xx_ll_usb.o
                0x08004a2c                USB_DevInit
 .text.USB_FlushTxFifo
                0x08004b60       0x24 Drivers/STM32F4xx_HAL_Driver/Src/stm32f4xx_ll_usb.o
                0x08004b60                USB_FlushTxFifo
 .text.USB_FlushRxFifo
                0x08004b84       0x20 Drivers/STM32F4xx_HAL_Driver/Src/stm32f4xx_ll_usb.o
                0x08004b84                USB_FlushRxFifo
 .text.USB_SetDevSpeed
                0x08004ba4        0xe Drivers/STM32F4xx_HAL_Driver/Src/stm32f4xx_ll_usb.o
                0x08004ba4                USB_SetDevSpeed
 .text.USB_GetDevSpeed
                0x08004bb2       0x36 Drivers/STM32F4xx_HAL_Driver/Src/stm32f4xx_ll_usb.o
                0x08004bb2                USB_GetDevSpeed
 .text.USB_ActivateEndpoint
                0x08004be8       0x82 Drivers/STM32F4xx_HAL_Driver/Src/stm32f4xx_ll_usb.o
                0x08004be8                USB_ActivateEndpoint
 .text.USB_DeactivateEndpoint
                0x08004c6a       0x6e Drivers/STM32F4xx_HAL_Driver/Src/stm32f4xx_ll_usb.o
                0x08004c6a                USB_DeactivateEndpoint
 .text.USB_EPStartXfer
                0x08004cd8      0x238 Drivers/STM32F4xx_HAL_Driver/Src/stm32f4xx_ll_usb.o
                0x08004cd8                USB_EPStartXfer
 .text.USB_EP0StartXfer
                0x08004f10      0x154 Drivers/STM32F4xx_HAL_Driver/Src/stm32f4xx_ll_usb.o
                0x08004f10                USB_EP0StartXfer
 .text.USB_WritePacket
                0x08005064       0x28 Drivers/STM32F4xx_HAL_Driver/Src/stm32f4xx_ll_usb.o
                0x08005064                USB_WritePacket
 .text.USB_ReadPacket
                0x0800508c       0x1c Drivers/STM32F4xx_HAL_Driver/Src/stm32f4xx_ll_usb.o
                0x0800508c                USB_ReadPacket
 .text.USB_EPSetStall
                0x080050a8       0x64 Drivers/STM32F4xx_HAL_Driver/Src/stm32f4xx_ll_usb.o
                0x080050a8                USB_EPSetStall
 .text.USB_EPClearStall
                0x0800510c       0x3c Drivers/STM32F4xx_HAL_Driver/Src/stm32f4xx_ll_usb.o
                0x0800510c                USB_EPClearStall
 .text.USB_SetDevAddress
                0x08005148       0x20 Drivers/STM32F4xx_HAL_Driver/Src/stm32f4xx_ll_usb.o
                0x08005148                USB_SetDevAddress
 .text.USB_DevConnect
                0x08005168       0x18 Drivers/STM32F4xx_HAL_Driver/Src/stm32f4xx_ll_usb.o
                0x08005168                USB_DevConnect
 .text.USB_DevDisconnect
                0x08005180       0x18 Drivers/STM32F4xx_HAL_Driver/Src/stm32f4xx_ll_usb.o
                0x08005180                USB_DevDisconnect
 .text.USB_ReadInterrupts
                0x08005198        0x8 Drivers/STM32F4xx_HAL_Driver/Src/stm32f4xx_ll_usb.o
                0x08005198                USB_ReadInterrupts
 .text.USB_ReadDevAllOutEpInterrupt
                0x080051a0       0x10 Drivers/STM32F4xx_HAL_Driver/Src/stm32f4xx_ll_usb.o
                0x080051a0                USB_ReadDevAllOutEpInterrupt
 .text.USB_ReadDevAllInEpInterrupt
                0x080051b0       0x10 Drivers/STM32F4xx_HAL_Driver/Src/stm32f4xx_ll_usb.o
                0x080051b0                USB_ReadDevAllInEpInterrupt
 .text.USB_ReadDevOutEPInterrupt
                0x080051c0       0x14 Drivers/STM32F4xx_HAL_Driver/Src/stm32f4xx_ll_usb.o
                0x080051c0                USB_ReadDevOutEPInterrupt
 .text.USB_ReadDevInEPInterrupt
                0x080051d4       0x20 Drivers/STM32F4xx_HAL_Driver/Src/stm32f4xx_ll_usb.o
                0x080051d4                USB_ReadDevInEPInterrupt
 .text.USB_GetMode
                0x080051f4        0x8 Drivers/STM32F4xx_HAL_Driver/Src/stm32f4xx_ll_usb.o
                0x080051f4                USB_GetMode
 .text.USB_ActivateSetup
                0x080051fc       0x36 Drivers/STM32F4xx_HAL_Driver/Src/stm32f4xx_ll_usb.o
                0x080051fc                USB_ActivateSetup
 .text.USB_EP0_OutStart
                0x08005232       0x46 Drivers/STM32F4xx_HAL_Driver/Src/stm32f4xx_ll_usb.o
                0x08005232                USB_EP0_OutStart
 .text.USB_CoreReset
                0x08005278       0x30 Drivers/STM32F4xx_HAL_Driver/Src/stm32f4xx_ll_usb.o
 .text.USBD_CDC_DataIn
                0x080052a8       0x12 Middlewares/ST/STM32_USB_Device_Library/Class/CDC/Src/usbd_cdc.o
 .text.USBD_CDC_EP0_RxReady
                0x080052ba       0x28 Middlewares/ST/STM32_USB_Device_Library/Class/CDC/Src/usbd_cdc.o
 *fill*         0x080052e2        0x2 
 .text.USBD_CDC_GetFSCfgDesc
                0x080052e4        0xc Middlewares/ST/STM32_USB_Device_Library/Class/CDC/Src/usbd_cdc.o
 .text.USBD_CDC_GetHSCfgDesc
                0x080052f0        0xc Middlewares/ST/STM32_USB_Device_Library/Class/CDC/Src/usbd_cdc.o
 .text.USBD_CDC_GetOtherSpeedCfgDesc
                0x080052fc        0xc Middlewares/ST/STM32_USB_Device_Library/Class/CDC/Src/usbd_cdc.o
 .text.USBD_CDC_GetDeviceQualifierDescriptor
                0x08005308        0xc Middlewares/ST/STM32_USB_Device_Library/Class/CDC/Src/usbd_cdc.o
                0x08005308                USBD_CDC_GetDeviceQualifierDescriptor
 .text.USBD_CDC_DataOut
                0x08005314       0x2e Middlewares/ST/STM32_USB_Device_Library/Class/CDC/Src/usbd_cdc.o
 *fill*         0x08005342        0x2 
 .text.USBD_CDC_Setup
                0x08005344       0x6c Middlewares/ST/STM32_USB_Device_Library/Class/CDC/Src/usbd_cdc.o
 .text.USBD_CDC_DeInit
                0x080053b0       0x3a Middlewares/ST/STM32_USB_Device_Library/Class/CDC/Src/usbd_cdc.o
 .text.USBD_CDC_Init
                0x080053ea       0x8c Middlewares/ST/STM32_USB_Device_Library/Class/CDC/Src/usbd_cdc.o
 .text.USBD_CDC_RegisterInterface
                0x08005476        0xe Middlewares/ST/STM32_USB_Device_Library/Class/CDC/Src/usbd_cdc.o
                0x08005476                USBD_CDC_RegisterInterface
 .text.USBD_CDC_SetTxBuffer
                0x08005484       0x10 Middlewares/ST/STM32_USB_Device_Library/Class/CDC/Src/usbd_cdc.o
                0x08005484                USBD_CDC_SetTxBuffer
 .text.USBD_CDC_SetRxBuffer
                0x08005494        0xc Middlewares/ST/STM32_USB_Device_Library/Class/CDC/Src/usbd_cdc.o
                0x08005494                USBD_CDC_SetRxBuffer
 .text.USBD_CDC_TransmitPacket
                0x080054a0       0x2e Middlewares/ST/STM32_USB_Device_Library/Class/CDC/Src/usbd_cdc.o
                0x080054a0                USBD_CDC_TransmitPacket
 .text.USBD_CDC_ReceivePacket
                0x080054ce       0x26 Middlewares/ST/STM32_USB_Device_Library/Class/CDC/Src/usbd_cdc.o
                0x080054ce                USBD_CDC_ReceivePacket
 .text.USBD_Init
                0x080054f4       0x2a Middlewares/ST/STM32_USB_Device_Library/Core/Src/usbd_core.o
                0x080054f4                USBD_Init
 .text.USBD_RegisterClass
                0x0800551e        0xe Middlewares/ST/STM32_USB_Device_Library/Core/Src/usbd_core.o
                0x0800551e                USBD_RegisterClass
 .text.USBD_Start
                0x0800552c        0xa Middlewares/ST/STM32_USB_Device_Library/Core/Src/usbd_core.o
                0x0800552c                USBD_Start
 .text.USBD_SetClassConfig
                0x08005536       0x16 Middlewares/ST/STM32_USB_Device_Library/Core/Src/usbd_core.o
                0x08005536                USBD_SetClassConfig
 .text.USBD_ClrClassConfig
                0x0800554c        0xe Middlewares/ST/STM32_USB_Device_Library/Core/Src/usbd_core.o
                0x0800554c                USBD_ClrClassConfig
 .text.USBD_LL_SetupStage
                0x0800555a       0x5a Middlewares/ST/STM32_USB_Device_Library/Core/Src/usbd_core.o
                0x0800555a                USBD_LL_SetupStage
 .text.USBD_LL_DataOutStage
                0x080055b4       0x62 Middlewares/ST/STM32_USB_Device_Library/Core/Src/usbd_core.o
                0x080055b4                USBD_LL_DataOutStage
 .text.USBD_LL_DataInStage
                0x08005616       0x9c Middlewares/ST/STM32_USB_Device_Library/Core/Src/usbd_core.o
                0x08005616                USBD_LL_DataInStage
 .text.USBD_LL_Reset
                0x080056b2       0x3e Middlewares/ST/STM32_USB_Device_Library/Core/Src/usbd_core.o
                0x080056b2                USBD_LL_Reset
 .text.USBD_LL_SetSpeed
                0x080056f0        0x6 Middlewares/ST/STM32_USB_Device_Library/Core/Src/usbd_core.o
                0x080056f0                USBD_LL_SetSpeed
 .text.USBD_LL_Suspend
                0x080056f6       0x12 Middlewares/ST/STM32_USB_Device_Library/Core/Src/usbd_core.o
                0x080056f6                USBD_LL_Suspend
 .text.USBD_LL_Resume
                0x08005708        0xc Middlewares/ST/STM32_USB_Device_Library/Core/Src/usbd_core.o
                0x08005708                USBD_LL_Resume
 .text.USBD_LL_SOF
                0x08005714       0x18 Middlewares/ST/STM32_USB_Device_Library/Core/Src/usbd_core.o
                0x08005714                USBD_LL_SOF
 .text.USBD_LL_IsoINIncomplete
                0x0800572c        0x4 Middlewares/ST/STM32_USB_Device_Library/Core/Src/usbd_core.o
                0x0800572c                USBD_LL_IsoINIncomplete
 .text.USBD_LL_IsoOUTIncomplete
                0x08005730        0x4 Middlewares/ST/STM32_USB_Device_Library/Core/Src/usbd_core.o
                0x08005730                USBD_LL_IsoOUTIncomplete
 .text.USBD_LL_DevConnected
                0x08005734        0x4 Middlewares/ST/STM32_USB_Device_Library/Core/Src/usbd_core.o
                0x08005734                USBD_LL_DevConnected
 .text.USBD_LL_DevDisconnected
                0x08005738       0x16 Middlewares/ST/STM32_USB_Device_Library/Core/Src/usbd_core.o
                0x08005738                USBD_LL_DevDisconnected
 .text.USBD_ParseSetupRequest
                0x0800574e       0x28 Middlewares/ST/STM32_USB_Device_Library/Core/Src/usbd_ctlreq.o
                0x0800574e                USBD_ParseSetupRequest
 .text.USBD_CtlError
                0x08005776       0x16 Middlewares/ST/STM32_USB_Device_Library/Core/Src/usbd_ctlreq.o
                0x08005776                USBD_CtlError
 .text.USBD_StdDevReq
                0x0800578c      0x214 Middlewares/ST/STM32_USB_Device_Library/Core/Src/usbd_ctlreq.o
                0x0800578c                USBD_StdDevReq
 .text.USBD_StdItfReq
                0x080059a0       0x30 Middlewares/ST/STM32_USB_Device_Library/Core/Src/usbd_ctlreq.o
                0x080059a0                USBD_StdItfReq
 .text.USBD_StdEPReq
                0x080059d0       0xc6 Middlewares/ST/STM32_USB_Device_Library/Core/Src/usbd_ctlreq.o
                0x080059d0                USBD_StdEPReq
 .text.USBD_GetString
                0x08005a96       0x38 Middlewares/ST/STM32_USB_Device_Library/Core/Src/usbd_ctlreq.o
                0x08005a96                USBD_GetString
 .text.USBD_CtlSendData
                0x08005ace       0x1a Middlewares/ST/STM32_USB_Device_Library/Core/Src/usbd_ioreq.o
                0x08005ace                USBD_CtlSendData
 .text.USBD_CtlContinueSendData
                0x08005ae8       0x10 Middlewares/ST/STM32_USB_Device_Library/Core/Src/usbd_ioreq.o
                0x08005ae8                USBD_CtlContinueSendData
 .text.USBD_CtlPrepareRx
                0x08005af8       0x1e Middlewares/ST/STM32_USB_Device_Library/Core/Src/usbd_ioreq.o
                0x08005af8                USBD_CtlPrepareRx
 .text.USBD_CtlContinueRx
                0x08005b16       0x10 Middlewares/ST/STM32_USB_Device_Library/Core/Src/usbd_ioreq.o
                0x08005b16                USBD_CtlContinueRx
 .text.USBD_CtlSendStatus
                0x08005b26       0x16 Middlewares/ST/STM32_USB_Device_Library/Core/Src/usbd_ioreq.o
                0x08005b26                USBD_CtlSendStatus
 .text.USBD_CtlReceiveStatus
                0x08005b3c       0x16 Middlewares/ST/STM32_USB_Device_Library/Core/Src/usbd_ioreq.o
                0x08005b3c                USBD_CtlReceiveStatus
 .text.osKernelStart
                0x08005b52        0xa Middlewares/Third_Party/FreeRTOS/Source/CMSIS_RTOS/cmsis_os.o
                0x08005b52                osKernelStart
 .text.osThreadCreate
                0x08005b5c       0x38 Middlewares/Third_Party/FreeRTOS/Source/CMSIS_RTOS/cmsis_os.o
                0x08005b5c                osThreadCreate
 .text.osDelay  0x08005b94       0x10 Middlewares/Third_Party/FreeRTOS/Source/CMSIS_RTOS/cmsis_os.o
                0x08005b94                osDelay
 .text.osSystickHandler
                0x08005ba4       0x14 Middlewares/Third_Party/FreeRTOS/Source/CMSIS_RTOS/cmsis_os.o
                0x08005ba4                osSystickHandler
 .text.vListInitialise
                0x08005bb8       0x16 Middlewares/Third_Party/FreeRTOS/Source/list.o
                0x08005bb8                vListInitialise
 .text.vListInitialiseItem
                0x08005bce        0x6 Middlewares/Third_Party/FreeRTOS/Source/list.o
                0x08005bce                vListInitialiseItem
 .text.vListInsertEnd
                0x08005bd4       0x18 Middlewares/Third_Party/FreeRTOS/Source/list.o
                0x08005bd4                vListInsertEnd
 .text.vListInsert
                0x08005bec       0x30 Middlewares/Third_Party/FreeRTOS/Source/list.o
                0x08005bec                vListInsert
 .text.uxListRemove
                0x08005c1c       0x20 Middlewares/Third_Party/FreeRTOS/Source/list.o
                0x08005c1c                uxListRemove
 .text.prvResetNextTaskUnblockTime
                0x08005c3c       0x20 Middlewares/Third_Party/FreeRTOS/Source/tasks.o
 .text.prvAddCurrentTaskToDelayedList
                0x08005c5c       0x38 Middlewares/Third_Party/FreeRTOS/Source/tasks.o
 .text.xTaskGenericCreate.part.5
                0x08005c94      0x1a0 Middlewares/Third_Party/FreeRTOS/Source/tasks.o
 .text.xTaskGenericCreate
                0x08005e34       0x3c Middlewares/Third_Party/FreeRTOS/Source/tasks.o
                0x08005e34                xTaskGenericCreate
 .text.vTaskStartScheduler
                0x08005e70       0x68 Middlewares/Third_Party/FreeRTOS/Source/tasks.o
                0x08005e70                vTaskStartScheduler
 .text.vTaskSuspendAll
                0x08005ed8       0x14 Middlewares/Third_Party/FreeRTOS/Source/tasks.o
                0x08005ed8                vTaskSuspendAll
 .text.xTaskIncrementTick
                0x08005eec       0xf4 Middlewares/Third_Party/FreeRTOS/Source/tasks.o
                0x08005eec                xTaskIncrementTick
 .text.xTaskResumeAll
                0x08005fe0       0xe8 Middlewares/Third_Party/FreeRTOS/Source/tasks.o
                0x08005fe0                xTaskResumeAll
 .text.vTaskDelay
                0x080060c8       0x70 Middlewares/Third_Party/FreeRTOS/Source/tasks.o
                0x080060c8                vTaskDelay
 .text.prvIdleTask
                0x08006138       0x70 Middlewares/Third_Party/FreeRTOS/Source/tasks.o
 .text.vTaskSwitchContext
                0x080061a8       0x68 Middlewares/Third_Party/FreeRTOS/Source/tasks.o
                0x080061a8                vTaskSwitchContext
 .text.xTaskGetSchedulerState
                0x08006210       0x20 Middlewares/Third_Party/FreeRTOS/Source/tasks.o
                0x08006210                xTaskGetSchedulerState
 .text.prvTaskExitError
                0x08006230       0x30 Middlewares/Third_Party/FreeRTOS/Source/portable/GCC/ARM_CM4F/port.o
 .text.prvPortStartFirstTask
                0x08006260       0x20 Middlewares/Third_Party/FreeRTOS/Source/portable/GCC/ARM_CM4F/port.o
 .text.vPortEnableVFP
                0x08006280       0x14 Middlewares/Third_Party/FreeRTOS/Source/portable/GCC/ARM_CM4F/port.o
 .text.pxPortInitialiseStack
                0x08006294       0x24 Middlewares/Third_Party/FreeRTOS/Source/portable/GCC/ARM_CM4F/port.o
                0x08006294                pxPortInitialiseStack
 .text.SVC_Handler
                0x080062b8       0x20 Middlewares/Third_Party/FreeRTOS/Source/portable/GCC/ARM_CM4F/port.o
                0x080062b8                SVC_Handler
 .text.vPortEnterCritical
                0x080062d8       0x44 Middlewares/Third_Party/FreeRTOS/Source/portable/GCC/ARM_CM4F/port.o
                0x080062d8                vPortEnterCritical
 .text.vPortExitCritical
                0x0800631c       0x28 Middlewares/Third_Party/FreeRTOS/Source/portable/GCC/ARM_CM4F/port.o
                0x0800631c                vPortExitCritical
 .text.PendSV_Handler
                0x08006344       0x60 Middlewares/Third_Party/FreeRTOS/Source/portable/GCC/ARM_CM4F/port.o
                0x08006344                PendSV_Handler
 .text.xPortSysTickHandler
                0x080063a4       0x30 Middlewares/Third_Party/FreeRTOS/Source/portable/GCC/ARM_CM4F/port.o
                0x080063a4                xPortSysTickHandler
 .text.vPortSetupTimerInterrupt
                0x080063d4       0x28 Middlewares/Third_Party/FreeRTOS/Source/portable/GCC/ARM_CM4F/port.o
                0x080063d4                vPortSetupTimerInterrupt
 .text.xPortStartScheduler
                0x080063fc       0xe4 Middlewares/Third_Party/FreeRTOS/Source/portable/GCC/ARM_CM4F/port.o
                0x080063fc                xPortStartScheduler
 .text.unlikely.prvInsertBlockIntoFreeList
                0x080064e0       0x44 Middlewares/Third_Party/FreeRTOS/Source/portable/MemMang/heap_4.o
 .text.pvPortMalloc
                0x08006524      0x120 Middlewares/Third_Party/FreeRTOS/Source/portable/MemMang/heap_4.o
                0x08006524                pvPortMalloc
 .text.vPortFree
                0x08006644       0x70 Middlewares/Third_Party/FreeRTOS/Source/portable/MemMang/heap_4.o
                0x08006644                vPortFree
 .text.MX_FREERTOS_Init
                0x080066b4       0x70 Src/freertos.o
                0x080066b4                MX_FREERTOS_Init
 .text.ComprobarGyro
                0x08006724       0xa0 Src/freertos.o
                0x08006724                ComprobarGyro
 .text.GyroTask
                0x080067c4       0x46 Src/freertos.o
                0x080067c4                GyroTask
 *fill*         0x0800680a        0x2 
 .text.PararSnake
                0x0800680c       0x20 Src/freertos.o
                0x0800680c                PararSnake
 .text.CrearFruta
                0x0800682c       0xf8 Src/freertos.o
                0x0800682c                CrearFruta
 .text.ShiftArray
                0x08006924       0x30 Src/freertos.o
                0x08006924                ShiftArray
 .text.ActualizarPosicion
                0x08006954       0x88 Src/freertos.o
                0x08006954                ActualizarPosicion
 .text.ComprobarFruta
                0x080069dc       0x64 Src/freertos.o
                0x080069dc                ComprobarFruta
 .text.ComprobarCuerpo
                0x08006a40       0x4c Src/freertos.o
                0x08006a40                ComprobarCuerpo
 .text.GameTask
                0x08006a8c       0x1e Src/freertos.o
                0x08006a8c                GameTask
 *fill*         0x08006aaa        0x2 
 .text.PrintGameOver
                0x08006aac       0x7c Src/freertos.o
                0x08006aac                PrintGameOver
 .text.PrintLCD
                0x08006b28      0x144 Src/freertos.o
                0x08006b28                PrintLCD
 .text.LCDTask  0x08006c6c       0x22 Src/freertos.o
                0x08006c6c                LCDTask
 *fill*         0x08006c8e        0x2 
 .text.MX_GPIO_Init
                0x08006c90      0x368 Src/gpio.o
                0x08006c90                MX_GPIO_Init
 .text.SystemClock_Config
                0x08006ff8       0xac Src/main.o
                0x08006ff8                SystemClock_Config
 .text.startup.main
                0x080070a4       0xa0 Src/main.o
                0x080070a4                main
 .text.Error_Handler
                0x08007144        0x2 Src/main.o
                0x08007144                Error_Handler
 .text.HAL_MspInit
                0x08007146       0x60 Src/stm32f4xx_hal_msp.o
                0x08007146                HAL_MspInit
 .text.SysTick_Handler
                0x080071a6        0xe Src/stm32f4xx_it.o
                0x080071a6                SysTick_Handler
 .text.OTG_HS_IRQHandler
                0x080071b4        0xc Src/stm32f4xx_it.o
                0x080071b4                OTG_HS_IRQHandler
 .text.MX_USB_DEVICE_Init
                0x080071c0       0x38 Src/usb_device.o
                0x080071c0                MX_USB_DEVICE_Init
 .text.CDC_DeInit_HS
                0x080071f8        0x4 Src/usbd_cdc_if.o
 .text.CDC_Control_HS
                0x080071fc        0x4 Src/usbd_cdc_if.o
 .text.CDC_Receive_HS
                0x08007200       0x1c Src/usbd_cdc_if.o
 .text.CDC_Init_HS
                0x0800721c       0x28 Src/usbd_cdc_if.o
 .text.CDC_Transmit_HS
                0x08007244       0x2c Src/usbd_cdc_if.o
                0x08007244                CDC_Transmit_HS
 .text.HAL_PCD_MspInit
                0x08007270       0x88 Src/usbd_conf.o
                0x08007270                HAL_PCD_MspInit
 .text.HAL_PCD_SetupStageCallback
                0x080072f8        0xc Src/usbd_conf.o
                0x080072f8                HAL_PCD_SetupStageCallback
 .text.HAL_PCD_DataOutStageCallback
                0x08007304       0x12 Src/usbd_conf.o
                0x08007304                HAL_PCD_DataOutStageCallback
 .text.HAL_PCD_DataInStageCallback
                0x08007316       0x10 Src/usbd_conf.o
                0x08007316                HAL_PCD_DataInStageCallback
 .text.HAL_PCD_SOFCallback
                0x08007326        0x8 Src/usbd_conf.o
                0x08007326                HAL_PCD_SOFCallback
 .text.HAL_PCD_ResetCallback
                0x0800732e       0x20 Src/usbd_conf.o
                0x0800732e                HAL_PCD_ResetCallback
 *fill*         0x0800734e        0x2 
 .text.HAL_PCD_SuspendCallback
                0x08007350       0x30 Src/usbd_conf.o
                0x08007350                HAL_PCD_SuspendCallback
 .text.HAL_PCD_ResumeCallback
                0x08007380        0x8 Src/usbd_conf.o
                0x08007380                HAL_PCD_ResumeCallback
 .text.HAL_PCD_ISOOUTIncompleteCallback
                0x08007388        0x8 Src/usbd_conf.o
                0x08007388                HAL_PCD_ISOOUTIncompleteCallback
 .text.HAL_PCD_ISOINIncompleteCallback
                0x08007390        0x8 Src/usbd_conf.o
                0x08007390                HAL_PCD_ISOINIncompleteCallback
 .text.HAL_PCD_ConnectCallback
                0x08007398        0x8 Src/usbd_conf.o
                0x08007398                HAL_PCD_ConnectCallback
 .text.HAL_PCD_DisconnectCallback
                0x080073a0        0x8 Src/usbd_conf.o
                0x080073a0                HAL_PCD_DisconnectCallback
 .text.USBD_LL_Init
                0x080073a8       0x6c Src/usbd_conf.o
                0x080073a8                USBD_LL_Init
 .text.USBD_LL_Start
                0x08007414        0xe Src/usbd_conf.o
                0x08007414                USBD_LL_Start
 .text.USBD_LL_OpenEP
                0x08007422       0x14 Src/usbd_conf.o
                0x08007422                USBD_LL_OpenEP
 .text.USBD_LL_CloseEP
                0x08007436        0xe Src/usbd_conf.o
                0x08007436                USBD_LL_CloseEP
 .text.USBD_LL_StallEP
                0x08007444        0xe Src/usbd_conf.o
                0x08007444                USBD_LL_StallEP
 .text.USBD_LL_ClearStallEP
                0x08007452        0xe Src/usbd_conf.o
                0x08007452                USBD_LL_ClearStallEP
 .text.USBD_LL_IsStallEP
                0x08007460       0x26 Src/usbd_conf.o
                0x08007460                USBD_LL_IsStallEP
 .text.USBD_LL_SetUSBAddress
                0x08007486        0xe Src/usbd_conf.o
                0x08007486                USBD_LL_SetUSBAddress
 .text.USBD_LL_Transmit
                0x08007494        0xe Src/usbd_conf.o
                0x08007494                USBD_LL_Transmit
 .text.USBD_LL_PrepareReceive
                0x080074a2        0xe Src/usbd_conf.o
                0x080074a2                USBD_LL_PrepareReceive
 .text.USBD_LL_GetRxDataSize
                0x080074b0        0xc Src/usbd_conf.o
                0x080074b0                USBD_LL_GetRxDataSize
 .text.USBD_HS_DeviceDescriptor
                0x080074bc        0xc Src/usbd_desc.o
                0x080074bc                USBD_HS_DeviceDescriptor
 .text.USBD_HS_LangIDStrDescriptor
                0x080074c8        0xc Src/usbd_desc.o
                0x080074c8                USBD_HS_LangIDStrDescriptor
 .text.USBD_HS_ManufacturerStrDescriptor
                0x080074d4       0x1c Src/usbd_desc.o
                0x080074d4                USBD_HS_ManufacturerStrDescriptor
 .text.USBD_HS_ProductStrDescriptor
                0x080074f0       0x1c Src/usbd_desc.o
                0x080074f0                USBD_HS_ProductStrDescriptor
 .text.USBD_HS_SerialStrDescriptor
                0x0800750c       0x1c Src/usbd_desc.o
                0x0800750c                USBD_HS_SerialStrDescriptor
 .text.USBD_HS_ConfigStrDescriptor
                0x08007528       0x1c Src/usbd_desc.o
                0x08007528                USBD_HS_ConfigStrDescriptor
 .text.USBD_HS_InterfaceStrDescriptor
                0x08007544       0x1c Src/usbd_desc.o
                0x08007544                USBD_HS_InterfaceStrDescriptor
 .text.__libc_init_array
                0x08007560       0x4c /home/fu/.p2/pool/plugins/fr.ac6.mcu.externaltools.arm-none.linux64_1.7.0.201602291252/tools/compiler/bin/../lib/gcc/arm-none-eabi/5.2.1/../../../../arm-none-eabi/lib/armv7e-m/fpu/libc_nano.a(lib_a-init.o)
                0x08007560                __libc_init_array
 .text.malloc   0x080075ac       0x10 /home/fu/.p2/pool/plugins/fr.ac6.mcu.externaltools.arm-none.linux64_1.7.0.201602291252/tools/compiler/bin/../lib/gcc/arm-none-eabi/5.2.1/../../../../arm-none-eabi/lib/armv7e-m/fpu/libc_nano.a(lib_a-malloc.o)
                0x080075ac                malloc
 .text.free     0x080075bc       0x10 /home/fu/.p2/pool/plugins/fr.ac6.mcu.externaltools.arm-none.linux64_1.7.0.201602291252/tools/compiler/bin/../lib/gcc/arm-none-eabi/5.2.1/../../../../arm-none-eabi/lib/armv7e-m/fpu/libc_nano.a(lib_a-malloc.o)
                0x080075bc                free
 .text.memcpy   0x080075cc       0x16 /home/fu/.p2/pool/plugins/fr.ac6.mcu.externaltools.arm-none.linux64_1.7.0.201602291252/tools/compiler/bin/../lib/gcc/arm-none-eabi/5.2.1/../../../../arm-none-eabi/lib/armv7e-m/fpu/libc_nano.a(lib_a-memcpy-stub.o)
                0x080075cc                memcpy
 .text.memset   0x080075e2       0x10 /home/fu/.p2/pool/plugins/fr.ac6.mcu.externaltools.arm-none.linux64_1.7.0.201602291252/tools/compiler/bin/../lib/gcc/arm-none-eabi/5.2.1/../../../../arm-none-eabi/lib/armv7e-m/fpu/libc_nano.a(lib_a-memset.o)
                0x080075e2                memset
 *fill*         0x080075f2        0x2 
 .text._free_r  0x080075f4       0x8c /home/fu/.p2/pool/plugins/fr.ac6.mcu.externaltools.arm-none.linux64_1.7.0.201602291252/tools/compiler/bin/../lib/gcc/arm-none-eabi/5.2.1/../../../../arm-none-eabi/lib/armv7e-m/fpu/libc_nano.a(lib_a-nano-freer.o)
                0x080075f4                _free_r
 .text._malloc_r
                0x08007680       0xa8 /home/fu/.p2/pool/plugins/fr.ac6.mcu.externaltools.arm-none.linux64_1.7.0.201602291252/tools/compiler/bin/../lib/gcc/arm-none-eabi/5.2.1/../../../../arm-none-eabi/lib/armv7e-m/fpu/libc_nano.a(lib_a-nano-mallocr.o)
                0x08007680                _malloc_r
 .text.srand    0x08007728       0x50 /home/fu/.p2/pool/plugins/fr.ac6.mcu.externaltools.arm-none.linux64_1.7.0.201602291252/tools/compiler/bin/../lib/gcc/arm-none-eabi/5.2.1/../../../../arm-none-eabi/lib/armv7e-m/fpu/libc_nano.a(lib_a-rand.o)
                0x08007728                srand
 .text.rand     0x08007778       0x74 /home/fu/.p2/pool/plugins/fr.ac6.mcu.externaltools.arm-none.linux64_1.7.0.201602291252/tools/compiler/bin/../lib/gcc/arm-none-eabi/5.2.1/../../../../arm-none-eabi/lib/armv7e-m/fpu/libc_nano.a(lib_a-rand.o)
                0x08007778                rand
 .text._sbrk_r  0x080077ec       0x20 /home/fu/.p2/pool/plugins/fr.ac6.mcu.externaltools.arm-none.linux64_1.7.0.201602291252/tools/compiler/bin/../lib/gcc/arm-none-eabi/5.2.1/../../../../arm-none-eabi/lib/armv7e-m/fpu/libc_nano.a(lib_a-sbrkr.o)
                0x080077ec                _sbrk_r
 .text.sprintf  0x0800780c       0x48 /home/fu/.p2/pool/plugins/fr.ac6.mcu.externaltools.arm-none.linux64_1.7.0.201602291252/tools/compiler/bin/../lib/gcc/arm-none-eabi/5.2.1/../../../../arm-none-eabi/lib/armv7e-m/fpu/libc_nano.a(lib_a-sprintf.o)
                0x0800780c                sprintf
                0x0800780c                siprintf
 .text.time     0x08007854       0x28 /home/fu/.p2/pool/plugins/fr.ac6.mcu.externaltools.arm-none.linux64_1.7.0.201602291252/tools/compiler/bin/../lib/gcc/arm-none-eabi/5.2.1/../../../../arm-none-eabi/lib/armv7e-m/fpu/libc_nano.a(lib_a-time.o)
                0x08007854                time
 .text._gettimeofday_r
                0x0800787c       0x24 /home/fu/.p2/pool/plugins/fr.ac6.mcu.externaltools.arm-none.linux64_1.7.0.201602291252/tools/compiler/bin/../lib/gcc/arm-none-eabi/5.2.1/../../../../arm-none-eabi/lib/armv7e-m/fpu/libc_nano.a(lib_a-gettimeofdayr.o)
                0x0800787c                _gettimeofday_r
 .text.__ssputs_r
                0x080078a0       0xb2 /home/fu/.p2/pool/plugins/fr.ac6.mcu.externaltools.arm-none.linux64_1.7.0.201602291252/tools/compiler/bin/../lib/gcc/arm-none-eabi/5.2.1/../../../../arm-none-eabi/lib/armv7e-m/fpu/libc_nano.a(lib_a-nano-svfprintf.o)
                0x080078a0                __ssputs_r
 *fill*         0x08007952        0x2 
 .text._svfprintf_r
                0x08007954      0x1e8 /home/fu/.p2/pool/plugins/fr.ac6.mcu.externaltools.arm-none.linux64_1.7.0.201602291252/tools/compiler/bin/../lib/gcc/arm-none-eabi/5.2.1/../../../../arm-none-eabi/lib/armv7e-m/fpu/libc_nano.a(lib_a-nano-svfprintf.o)
                0x08007954                _svfprintf_r
                0x08007954                _svfiprintf_r
 .text._printf_common
                0x08007b3c       0xec /home/fu/.p2/pool/plugins/fr.ac6.mcu.externaltools.arm-none.linux64_1.7.0.201602291252/tools/compiler/bin/../lib/gcc/arm-none-eabi/5.2.1/../../../../arm-none-eabi/lib/armv7e-m/fpu/libc_nano.a(lib_a-nano-vfprintf_i.o)
                0x08007b3c                _printf_common
 .text._printf_i
                0x08007c28      0x24c /home/fu/.p2/pool/plugins/fr.ac6.mcu.externaltools.arm-none.linux64_1.7.0.201602291252/tools/compiler/bin/../lib/gcc/arm-none-eabi/5.2.1/../../../../arm-none-eabi/lib/armv7e-m/fpu/libc_nano.a(lib_a-nano-vfprintf_i.o)
                0x08007c28                _printf_i
 .text.memmove  0x08007e74       0x36 /home/fu/.p2/pool/plugins/fr.ac6.mcu.externaltools.arm-none.linux64_1.7.0.201602291252/tools/compiler/bin/../lib/gcc/arm-none-eabi/5.2.1/../../../../arm-none-eabi/lib/armv7e-m/fpu/libc_nano.a(lib_a-memmove.o)
                0x08007e74                memmove
 .text._realloc_r
                0x08007eaa       0x4c /home/fu/.p2/pool/plugins/fr.ac6.mcu.externaltools.arm-none.linux64_1.7.0.201602291252/tools/compiler/bin/../lib/gcc/arm-none-eabi/5.2.1/../../../../arm-none-eabi/lib/armv7e-m/fpu/libc_nano.a(lib_a-nano-reallocr.o)
                0x08007eaa                _realloc_r
 .text._malloc_usable_size_r
                0x08007ef6       0x14 /home/fu/.p2/pool/plugins/fr.ac6.mcu.externaltools.arm-none.linux64_1.7.0.201602291252/tools/compiler/bin/../lib/gcc/arm-none-eabi/5.2.1/../../../../arm-none-eabi/lib/armv7e-m/fpu/libc_nano.a(lib_a-nano-msizer.o)
                0x08007ef6                _malloc_usable_size_r
 *fill*         0x08007f0a        0x2 
 .text._gettimeofday
                0x08007f0c       0x10 /home/fu/.p2/pool/plugins/fr.ac6.mcu.externaltools.arm-none.linux64_1.7.0.201602291252/tools/compiler/bin/../lib/gcc/arm-none-eabi/5.2.1/../../../../arm-none-eabi/lib/armv7e-m/fpu/libnosys.a(gettod.o)
                0x08007f0c                _gettimeofday
 .text._sbrk    0x08007f1c       0x1c /home/fu/.p2/pool/plugins/fr.ac6.mcu.externaltools.arm-none.linux64_1.7.0.201602291252/tools/compiler/bin/../lib/gcc/arm-none-eabi/5.2.1/../../../../arm-none-eabi/lib/armv7e-m/fpu/libnosys.a(sbrk.o)
                0x08007f1c                _sbrk
 *(.glue_7)
 .glue_7        0x08007f38        0x0 linker stubs
 *(.glue_7t)
 .glue_7t       0x08007f38        0x0 linker stubs
 *(.eh_frame)
 .eh_frame      0x08007f38        0x0 /home/fu/.p2/pool/plugins/fr.ac6.mcu.externaltools.arm-none.linux64_1.7.0.201602291252/tools/compiler/bin/../lib/gcc/arm-none-eabi/5.2.1/armv7e-m/fpu/crtbegin.o
 *(.init)
 .init          0x08007f38        0x4 /home/fu/.p2/pool/plugins/fr.ac6.mcu.externaltools.arm-none.linux64_1.7.0.201602291252/tools/compiler/bin/../lib/gcc/arm-none-eabi/5.2.1/armv7e-m/fpu/crti.o
                0x08007f38                _init
 .init          0x08007f3c        0x8 /home/fu/.p2/pool/plugins/fr.ac6.mcu.externaltools.arm-none.linux64_1.7.0.201602291252/tools/compiler/bin/../lib/gcc/arm-none-eabi/5.2.1/armv7e-m/fpu/crtn.o
 *(.fini)
 .fini          0x08007f44        0x4 /home/fu/.p2/pool/plugins/fr.ac6.mcu.externaltools.arm-none.linux64_1.7.0.201602291252/tools/compiler/bin/../lib/gcc/arm-none-eabi/5.2.1/armv7e-m/fpu/crti.o
                0x08007f44                _fini
 .fini          0x08007f48        0x8 /home/fu/.p2/pool/plugins/fr.ac6.mcu.externaltools.arm-none.linux64_1.7.0.201602291252/tools/compiler/bin/../lib/gcc/arm-none-eabi/5.2.1/armv7e-m/fpu/crtn.o
                0x08007f50                . = ALIGN (0x4)
                0x08007f50                _etext = .

.vfp11_veneer   0x08007f50        0x0
 .vfp11_veneer  0x08007f50        0x0 linker stubs

.v4_bx          0x08007f50        0x0
 .v4_bx         0x08007f50        0x0 linker stubs

.iplt           0x08007f50        0x0
 .iplt          0x08007f50        0x0 /home/fu/.p2/pool/plugins/fr.ac6.mcu.externaltools.arm-none.linux64_1.7.0.201602291252/tools/compiler/bin/../lib/gcc/arm-none-eabi/5.2.1/armv7e-m/fpu/crtbegin.o

.rodata         0x08007f50     0x3e00
                0x08007f50                . = ALIGN (0x4)
 *(.rodata)
 .rodata        0x08007f50     0x3cdc Drivers/BSP/STM32F429I-Discovery/stm32f429i_discovery_lcd.o
                0x08007f50                Font8_Table
                0x08008248                Font12_Table
                0x080086bc                Font16_Table
                0x0800929c                Font20_Table
                0x0800a174                Font24_Table
 .rodata        0x0800bc2c        0x8 Drivers/STM32F4xx_HAL_Driver/Src/stm32f4xx_hal_dma.o
 .rodata        0x0800bc34       0x10 Drivers/STM32F4xx_HAL_Driver/Src/stm32f4xx_hal_rcc.o
                0x0800bc34                APBAHBPrescTable
 .rodata        0x0800bc44       0x14 Src/freertos.o
 *(.rodata*)
 .rodata.str1.1
                0x0800bc58        0x5 Middlewares/Third_Party/FreeRTOS/Source/tasks.o
 .rodata.str1.1
                0x0800bc5d       0x69 Src/freertos.o
 .rodata.str1.1
                0x0800bcc6        0x6 Src/main.o
                                  0xc (size before relaxing)
 .rodata.str1.1
                0x0800bccc       0x4f Src/usbd_desc.o
 .rodata.str1.1
                0x0800bd1b        0x2 /home/fu/.p2/pool/plugins/fr.ac6.mcu.externaltools.arm-none.linux64_1.7.0.201602291252/tools/compiler/bin/../lib/gcc/arm-none-eabi/5.2.1/../../../../arm-none-eabi/lib/armv7e-m/fpu/libc_nano.a(lib_a-impure.o)
 .rodata.str1.1
                0x0800bd1d       0x11 /home/fu/.p2/pool/plugins/fr.ac6.mcu.externaltools.arm-none.linux64_1.7.0.201602291252/tools/compiler/bin/../lib/gcc/arm-none-eabi/5.2.1/../../../../arm-none-eabi/lib/armv7e-m/fpu/libc_nano.a(lib_a-nano-svfprintf.o)
 .rodata.str1.1
                0x0800bd2e       0x22 /home/fu/.p2/pool/plugins/fr.ac6.mcu.externaltools.arm-none.linux64_1.7.0.201602291252/tools/compiler/bin/../lib/gcc/arm-none-eabi/5.2.1/../../../../arm-none-eabi/lib/armv7e-m/fpu/libc_nano.a(lib_a-nano-vfprintf_i.o)
                0x0800bd50                . = ALIGN (0x4)

.rel.dyn        0x0800bd50        0x0
 .rel.iplt      0x0800bd50        0x0 /home/fu/.p2/pool/plugins/fr.ac6.mcu.externaltools.arm-none.linux64_1.7.0.201602291252/tools/compiler/bin/../lib/gcc/arm-none-eabi/5.2.1/armv7e-m/fpu/crtbegin.o

.ARM.extab
 *(.ARM.extab* .gnu.linkonce.armextab.*)

.ARM            0x0800bd50        0x0
                0x0800bd50                __exidx_start = .
 *(.ARM.exidx*)
                0x0800bd50                __exidx_end = .

.preinit_array  0x0800bd50        0x0
                0x0800bd50                PROVIDE (__preinit_array_start, .)
 *(.preinit_array*)
                0x0800bd50                PROVIDE (__preinit_array_end, .)

.init_array     0x0800bd50        0x4
                0x0800bd50                PROVIDE (__init_array_start, .)
 *(SORT(.init_array.*))
 *(.init_array*)
 .init_array    0x0800bd50        0x4 /home/fu/.p2/pool/plugins/fr.ac6.mcu.externaltools.arm-none.linux64_1.7.0.201602291252/tools/compiler/bin/../lib/gcc/arm-none-eabi/5.2.1/armv7e-m/fpu/crtbegin.o
                0x0800bd54                PROVIDE (__init_array_end, .)

.fini_array     0x0800bd54        0x4
                [!provide]                PROVIDE (__fini_array_start, .)
 *(SORT(.fini_array.*))
 *(.fini_array*)
 .fini_array    0x0800bd54        0x4 /home/fu/.p2/pool/plugins/fr.ac6.mcu.externaltools.arm-none.linux64_1.7.0.201602291252/tools/compiler/bin/../lib/gcc/arm-none-eabi/5.2.1/armv7e-m/fpu/crtbegin.o
                [!provide]                PROVIDE (__fini_array_end, .)
                0x0800bd58                _sidata = LOADADDR (.data)

.data           0x20000000      0x310 load address 0x0800bd58
                0x20000000                . = ALIGN (0x4)
                0x20000000                _sdata = .
 *(.data)
 .data          0x20000000       0x38 Drivers/BSP/Components/ili9341/ili9341.o
                0x20000000                ili9341_drv
 .data          0x20000038       0x34 Drivers/BSP/Components/l3gd20/l3gd20.o
                0x20000038                L3gd20Drv
 .data          0x2000006c       0x54 Drivers/BSP/Components/stmpe811/stmpe811.o
                0x2000006c                stmpe811_io_drv
                0x20000098                stmpe811_ts_drv
 .data          0x200000c0       0x14 Drivers/BSP/STM32F429I-Discovery/stm32f429i_discovery.o
                0x200000c0                SpixTimeout
                0x200000c4                GPIO_PORT
                0x200000cc                BUTTON_PORT
                0x200000d0                I2cxTimeout
 .data          0x200000d4       0x28 Drivers/BSP/STM32F429I-Discovery/stm32f429i_discovery_lcd.o
                0x200000d4                Font24
                0x200000dc                Font8
                0x200000e4                Font12
                0x200000ec                Font16
                0x200000f4                Font20
 .data          0x200000fc        0x4 Drivers/CMSIS/Device/ST/STM32F4xx/Source/Templates/system_stm32f4xx.o
                0x200000fc                SystemCoreClock
 .data          0x20000100      0x110 Middlewares/ST/STM32_USB_Device_Library/Class/CDC/Src/usbd_cdc.o
                0x20000100                USBD_CDC_CfgFSDesc
                0x20000144                USBD_CDC_CfgHSDesc
                0x20000188                USBD_CDC_OtherSpeedCfgDesc
                0x200001d8                USBD_CDC
 .data          0x20000210        0x4 Middlewares/Third_Party/FreeRTOS/Source/portable/GCC/ARM_CM4F/port.o
 .data          0x20000214       0x51 Src/freertos.o
                0x20000214                Ypos
                0x2000023c                Xpos
                0x20000264                Longitud
 *fill*         0x20000265        0x3 
 .data          0x20000268       0x10 Src/usbd_cdc_if.o
                0x20000268                USBD_Interface_fops_HS
 .data          0x20000278       0x34 Src/usbd_desc.o
                0x20000278                USBD_HS_DeviceDesc
                0x2000028c                USBD_LangIDDesc
                0x20000290                HS_Desc
 *(.data*)
 .data.impure_data
                0x200002ac       0x60 /home/fu/.p2/pool/plugins/fr.ac6.mcu.externaltools.arm-none.linux64_1.7.0.201602291252/tools/compiler/bin/../lib/gcc/arm-none-eabi/5.2.1/../../../../arm-none-eabi/lib/armv7e-m/fpu/libc_nano.a(lib_a-impure.o)
 .data._impure_ptr
                0x2000030c        0x4 /home/fu/.p2/pool/plugins/fr.ac6.mcu.externaltools.arm-none.linux64_1.7.0.201602291252/tools/compiler/bin/../lib/gcc/arm-none-eabi/5.2.1/../../../../arm-none-eabi/lib/armv7e-m/fpu/libc_nano.a(lib_a-impure.o)
                0x2000030c                _impure_ptr
                0x20000310                . = ALIGN (0x4)
                0x20000310                _edata = .
                0x0800c068                _siccmram = LOADADDR (.ccmram)

.jcr            0x20000310        0x0 load address 0x0800c068
 .jcr           0x20000310        0x0 /home/fu/.p2/pool/plugins/fr.ac6.mcu.externaltools.arm-none.linux64_1.7.0.201602291252/tools/compiler/bin/../lib/gcc/arm-none-eabi/5.2.1/armv7e-m/fpu/crtbegin.o

.tm_clone_table
                0x20000310        0x0 load address 0x0800c068
 .tm_clone_table
                0x20000310        0x0 /home/fu/.p2/pool/plugins/fr.ac6.mcu.externaltools.arm-none.linux64_1.7.0.201602291252/tools/compiler/bin/../lib/gcc/arm-none-eabi/5.2.1/armv7e-m/fpu/crtbegin.o
 .tm_clone_table
                0x20000310        0x0 /home/fu/.p2/pool/plugins/fr.ac6.mcu.externaltools.arm-none.linux64_1.7.0.201602291252/tools/compiler/bin/../lib/gcc/arm-none-eabi/5.2.1/armv7e-m/fpu/crtend.o

.igot.plt       0x20000310        0x0 load address 0x0800c068
 .igot.plt      0x20000310        0x0 /home/fu/.p2/pool/plugins/fr.ac6.mcu.externaltools.arm-none.linux64_1.7.0.201602291252/tools/compiler/bin/../lib/gcc/arm-none-eabi/5.2.1/armv7e-m/fpu/crtbegin.o

.ccmram         0x10000000        0x0 load address 0x0800c068
                0x10000000                . = ALIGN (0x4)
                0x10000000                _sccmram = .
 *(.ccmram)
 *(.ccmram*)
                0x10000000                . = ALIGN (0x4)
                0x10000000                _eccmram = .
                0x10000000                . = ALIGN (0x4)

.bss            0x20000310     0x4838
                0x20000310                _sbss = .
                0x20000310                __bss_start__ = _sbss
 *(.bss)
 .bss           0x20000310       0x1c /home/fu/.p2/pool/plugins/fr.ac6.mcu.externaltools.arm-none.linux64_1.7.0.201602291252/tools/compiler/bin/../lib/gcc/arm-none-eabi/5.2.1/armv7e-m/fpu/crtbegin.o
 .bss           0x2000032c        0x2 Drivers/BSP/Components/stmpe811/stmpe811.o
                0x2000032c                stmpe811
 *fill*         0x2000032e        0x2 
 .bss           0x20000330       0x59 Drivers/BSP/STM32F429I-Discovery/stm32f429i_discovery.o
 *fill*         0x20000389        0x3 
 .bss           0x2000038c        0x4 Drivers/BSP/STM32F429I-Discovery/stm32f429i_discovery_gyroscope.o
 .bss           0x20000390       0x8c Drivers/BSP/STM32F429I-Discovery/stm32f429i_discovery_lcd.o
 .bss           0x2000041c       0xc0 Drivers/BSP/STM32F429I-Discovery/stm32f429i_discovery_sdram.o
 .bss           0x200004dc       0x10 Drivers/BSP/STM32F429I-Discovery/stm32f429i_discovery_ts.o
 .bss           0x200004ec        0x1 Middlewares/ST/STM32_USB_Device_Library/Class/CDC/Src/usbd_cdc.o
 .bss           0x200004ed        0x1 Middlewares/ST/STM32_USB_Device_Library/Core/Src/usbd_ctlreq.o
 *fill*         0x200004ee        0x2 
 .bss           0x200004f0      0x128 Middlewares/Third_Party/FreeRTOS/Source/tasks.o
                0x200004f8                pxCurrentTCB
 .bss           0x20000618        0x8 Middlewares/Third_Party/FreeRTOS/Source/portable/GCC/ARM_CM4F/port.o
 .bss           0x20000620     0x3c18 Middlewares/Third_Party/FreeRTOS/Source/portable/MemMang/heap_4.o
 .bss           0x20004238        0x3 Src/freertos.o
                0x20004238                State
                0x20004239                GOver
                0x2000423a                FrutaON
 *(.bss*)
 *fill*         0x2000423b        0x1 
 .bss.__malloc_sbrk_start
                0x2000423c        0x4 /home/fu/.p2/pool/plugins/fr.ac6.mcu.externaltools.arm-none.linux64_1.7.0.201602291252/tools/compiler/bin/../lib/gcc/arm-none-eabi/5.2.1/../../../../arm-none-eabi/lib/armv7e-m/fpu/libc_nano.a(lib_a-nano-mallocr.o)
                0x2000423c                __malloc_sbrk_start
 .bss.__malloc_free_list
                0x20004240        0x4 /home/fu/.p2/pool/plugins/fr.ac6.mcu.externaltools.arm-none.linux64_1.7.0.201602291252/tools/compiler/bin/../lib/gcc/arm-none-eabi/5.2.1/../../../../arm-none-eabi/lib/armv7e-m/fpu/libc_nano.a(lib_a-nano-mallocr.o)
                0x20004240                __malloc_free_list
 .bss.heap_end.4169
                0x20004244        0x4 /home/fu/.p2/pool/plugins/fr.ac6.mcu.externaltools.arm-none.linux64_1.7.0.201602291252/tools/compiler/bin/../lib/gcc/arm-none-eabi/5.2.1/../../../../arm-none-eabi/lib/armv7e-m/fpu/libnosys.a(sbrk.o)
 *(COMMON)
 COMMON         0x20004248       0x54 Drivers/BSP/STM32F429I-Discovery/stm32f429i_discovery.o
                0x20004248                I2cHandle
 COMMON         0x2000429c       0xac Drivers/BSP/STM32F429I-Discovery/stm32f429i_discovery_lcd.o
                0x2000429c                LtdcHandler
                0x20004344                LcdDrv
 COMMON         0x20004348        0x4 Drivers/STM32F4xx_HAL_Driver/Src/stm32f4xx_hal.o
                0x20004348                uwTick
 COMMON         0x2000434c       0x12 Src/freertos.o
                0x2000434c                defaultTaskHandle
                0x20004350                FrutasX
                0x20004353                FrutasY
                0x20004356                TouchScreen
 *fill*         0x2000435e        0x2 
 COMMON         0x20004360      0x224 Src/usb_device.o
                0x20004360                hUsbDeviceHS
 COMMON         0x20004584        0x8 Src/usbd_cdc_if.o
                0x20004584                UserRxBufferHS
                0x20004588                UserTxBufferHS
 COMMON         0x2000458c      0x3b8 Src/usbd_conf.o
                0x2000458c                hpcd_USB_OTG_HS
 COMMON         0x20004944      0x200 Src/usbd_desc.o
                0x20004944                USBD_StrDesc
 COMMON         0x20004b44        0x4 /home/fu/.p2/pool/plugins/fr.ac6.mcu.externaltools.arm-none.linux64_1.7.0.201602291252/tools/compiler/bin/../lib/gcc/arm-none-eabi/5.2.1/../../../../arm-none-eabi/lib/armv7e-m/fpu/libc_nano.a(lib_a-reent.o)
                0x20004b44                errno
                0x20004b48                . = ALIGN (0x4)
                0x20004b48                _ebss = .
                0x20004b48                __bss_end__ = _ebss

._user_heap_stack
                0x20004b48      0x600
                0x20004b48                . = ALIGN (0x8)
                0x20004b48                PROVIDE (end, .)
                [!provide]                PROVIDE (_end, .)
                0x20004d48                . = (. + _Min_Heap_Size)
 *fill*         0x20004b48      0x200 
                0x20005148                . = (. + _Min_Stack_Size)
 *fill*         0x20004d48      0x400 
                0x20005148                . = ALIGN (0x8)

/DISCARD/
 libc.a(*)
 libm.a(*)
 libgcc.a(*)

.ARM.attributes
                0x00000000       0x30
 *(.ARM.attributes)
 .ARM.attributes
                0x00000000       0x22 /home/fu/.p2/pool/plugins/fr.ac6.mcu.externaltools.arm-none.linux64_1.7.0.201602291252/tools/compiler/bin/../lib/gcc/arm-none-eabi/5.2.1/armv7e-m/fpu/crti.o
 .ARM.attributes
                0x00000022       0x34 /home/fu/.p2/pool/plugins/fr.ac6.mcu.externaltools.arm-none.linux64_1.7.0.201602291252/tools/compiler/bin/../lib/gcc/arm-none-eabi/5.2.1/armv7e-m/fpu/crtbegin.o
 .ARM.attributes
                0x00000056       0x39 Drivers/BSP/Components/ili9341/ili9341.o
 .ARM.attributes
                0x0000008f       0x39 Drivers/BSP/Components/l3gd20/l3gd20.o
 .ARM.attributes
                0x000000c8       0x39 Drivers/BSP/Components/stmpe811/stmpe811.o
 .ARM.attributes
                0x00000101       0x39 Drivers/BSP/STM32F429I-Discovery/stm32f429i_discovery.o
 .ARM.attributes
                0x0000013a       0x39 Drivers/BSP/STM32F429I-Discovery/stm32f429i_discovery_gyroscope.o
 .ARM.attributes
                0x00000173       0x39 Drivers/BSP/STM32F429I-Discovery/stm32f429i_discovery_lcd.o
 .ARM.attributes
                0x000001ac       0x39 Drivers/BSP/STM32F429I-Discovery/stm32f429i_discovery_sdram.o
 .ARM.attributes
                0x000001e5       0x39 Drivers/BSP/STM32F429I-Discovery/stm32f429i_discovery_ts.o
 .ARM.attributes
                0x0000021e       0x21 Drivers/CMSIS/Device/ST/STM32F4xx/Source/Templates/gcc/startup_stm32f429xx.o
 .ARM.attributes
                0x0000023f       0x39 Drivers/CMSIS/Device/ST/STM32F4xx/Source/Templates/system_stm32f4xx.o
 .ARM.attributes
                0x00000278       0x39 Drivers/STM32F4xx_HAL_Driver/Src/stm32f4xx_hal.o
 .ARM.attributes
                0x000002b1       0x39 Drivers/STM32F4xx_HAL_Driver/Src/stm32f4xx_hal_cortex.o
 .ARM.attributes
                0x000002ea       0x39 Drivers/STM32F4xx_HAL_Driver/Src/stm32f4xx_hal_dma.o
 .ARM.attributes
                0x00000323       0x39 Drivers/STM32F4xx_HAL_Driver/Src/stm32f4xx_hal_dma2d.o
 .ARM.attributes
                0x0000035c       0x39 Drivers/STM32F4xx_HAL_Driver/Src/stm32f4xx_hal_gpio.o
 .ARM.attributes
                0x00000395       0x39 Drivers/STM32F4xx_HAL_Driver/Src/stm32f4xx_hal_i2c.o
 .ARM.attributes
                0x000003ce       0x39 Drivers/STM32F4xx_HAL_Driver/Src/stm32f4xx_hal_ltdc.o
 .ARM.attributes
                0x00000407       0x39 Drivers/STM32F4xx_HAL_Driver/Src/stm32f4xx_hal_pcd.o
 .ARM.attributes
                0x00000440       0x39 Drivers/STM32F4xx_HAL_Driver/Src/stm32f4xx_hal_pcd_ex.o
 .ARM.attributes
                0x00000479       0x39 Drivers/STM32F4xx_HAL_Driver/Src/stm32f4xx_hal_rcc.o
 .ARM.attributes
                0x000004b2       0x39 Drivers/STM32F4xx_HAL_Driver/Src/stm32f4xx_hal_rcc_ex.o
 .ARM.attributes
                0x000004eb       0x39 Drivers/STM32F4xx_HAL_Driver/Src/stm32f4xx_hal_sdram.o
 .ARM.attributes